ASxxxx Linker V03.00/V05.40 + sdld,  page 1.
Hexadecimal  [32-Bits]

Area                                    Addr        Size        Decimal Bytes (Attributes)
--------------------------------        ----        ----        ------- ----- ------------
.  .ABS.                            00000000    00000000 =           0. bytes (ABS,CON)

      Value  Global                              Global Defined In Module
      -----  --------------------------------   ------------------------
     00000000  .__.ABS.                           
     00000000  _rRAMG                             
     00000000  l__BASE                         
     00000000  l__BSS                          
     00000000  l__CABS                         
     00000000  l__CODE_0                       
     00000000  l__CRASH_HEADER                 
     00000000  l__CRASH_SCRATCH                
     00000000  l__DABS                         
     00000000  l__HEADER                       
     00000000  l__HEADER_LCD                   
     00000000  l__HEADER_SIO                   
     00000000  l__HEADER_TIMER                 
     00000000  l__HEAP                         
     00000000  l__HEAP_END                     
     00000000  l__HRAM                         
     00000000  l__LIT                          
     00000000  s__CABS                         
     00000000  s__CRASH_HEADER                 
     00000000  s__CRASH_HEADER0                
     00000000  s__CRASH_HEADER1                
     00000000  s__CRASH_SCRATCH                
     00000000  s__CRASH_SCRATCH2               
     00000000  s__DABS                         
     00000000  s__HEADER                       
     00000000  s__HEADER0                      
     00000000  s__HEADER1                      
     00000000  s__HEADER10                     
     00000000  s__HEADER11                     
     00000000  s__HEADER2                      
     00000000  s__HEADER3                      
     00000000  s__HEADER4                      
     00000000  s__HEADER5                      
     00000000  s__HEADER6                      
     00000000  s__HEADER7                      
     00000000  s__HEADER8                      
     00000000  s__HEADER9                      
     00000000  s__HEADER_LCD                   
     00000000  s__HEADER_LCD0                  
     00000000  s__HEADER_SIO                   
     00000000  s__HEADER_SIO0                  
     00000000  s__HEADER_TIMER                 
     00000000  s__HEADER_TIMER0                
     00000000  s__HEADERa                      
     00000000  s__HEADERb                      
     00000000  s__HEADERc                      
     00000000  s__HEADERd                      
     00000000  s__HEADERe                      
     00000000  s__HEADERf                      
     00000000  s__HRAM                         
ASxxxx Linker V03.00/V05.40 + sdld,  page 2.
Hexadecimal  [32-Bits]

Area                                    Addr        Size        Decimal Bytes (Attributes)
--------------------------------        ----        ----        ------- ----- ------------
.  .ABS.                            00000000    00000000 =           0. bytes (ABS,CON)

      Value  Global                              Global Defined In Module
      -----  --------------------------------   ------------------------
     00000000  s__HRAM12                       
     00000001  ___bank_VM_SGB                     vm_sgb
     00000001  ___bank_bg_barco_a_sair_do_porto   bg_barco_a_sair_do_porto_til
     00000001  ___bank_bg_boatdeath_tileset       bg_boatdeath_tileset
     00000001  ___bank_palette_0                  palette_0
     00000001  ___bank_trigger_49_interact        trigger_49_interact
     00000001  ___mute_mask_sound_legacy_0        sound_legacy_0
     00000001  ___mute_mask_sound_legacy_1        sound_legacy_1
     00000001  ___mute_mask_sound_legacy_2        sound_legacy_2
     00000001  b_shmup_init                       shmup
     00000001  b_shmup_update                     shmup
     00000001  b_ui_draw_frame                    ui
     00000001  b_ui_draw_text_buffer_char         ui
     00000001  b_ui_init                          ui
     00000001  b_ui_load_tiles                    ui
     00000001  b_ui_run_menu                      ui
     00000001  b_ui_run_modal                     ui
     00000001  b_ui_set_start_tile                ui
     00000001  l__GSFINAL                      
     00000001  l__HEADER0                      
     00000001  l__HEADER5                      
     00000001  l__HEADERa                      
     00000001  l__HEADERb                      
     00000001  l__HEADERc                      
     00000001  l__HEADERe                      
     00000001  l__HEADERf                      
     00000002  ___bank_bg_cutscene_badending_ti   bg_cutscene_badending_tilese
     00000002  ___bank_bg_cutscene_fan_final_ti   bg_cutscene_fan_final_tilese
     00000002  ___bank_palette_1                  palette_1
     00000002  ___bank_scene_39_init              scene_39_init
     00000002  ___bank_song_hewillgetyou_Data     song_hewillgetyou_Data
     00000002  ___mute_mask_sound_bump_vgm        sound_bump_vgm
     00000002  ___mute_mask_sound_hurt_vgm        sound_hurt_vgm
     00000002  ___mute_mask_sound_menu_out_vgm    sound_menu_out_vgm
     00000002  ___mute_mask_sound_pause_vgm       sound_pause_vgm
     00000002  l__HEADER10                     
     00000002  l__HEADER6                      
     00000002  l__HEADERd                      
     00000003  ___bank_VM_CAMERA                  vm_camera
     00000003  ___bank_VM_MAIN                    vm
     00000003  ___bank_bg_main_menu_tileset       bg_main_menu_tileset
     00000003  ___bank_bg_piratedeath_tileset     bg_piratedeath_tileset
     00000003  b_camera_init                      camera
     00000003  b_camera_shake_frames              vm_camera
     00000003  b_script_detach_hthread            vm
     00000003  b_script_execute                   vm
     00000003  b_script_runner_init               vm
     00000003  b_script_terminate                 vm
     00000003  b_vm_call                          vm
     00000003  b_vm_call_far                      vm
     00000003  b_vm_camera_move_to                vm_camera
ASxxxx Linker V03.00/V05.40 + sdld,  page 3.
Hexadecimal  [32-Bits]

Area                                    Addr        Size        Decimal Bytes (Attributes)
--------------------------------        ----        ----        ------- ----- ------------
.  .ABS.                            00000000    00000000 =           0. bytes (ABS,CON)

      Value  Global                              Global Defined In Module
      -----  --------------------------------   ------------------------
     00000003  b_vm_camera_set_pos                vm_camera
     00000003  b_vm_get_indirect                  vm
     00000003  b_vm_get_tlocal                    vm
     00000003  b_vm_idle                          vm
     00000003  b_vm_if                            vm
     00000003  b_vm_if_const                      vm
     00000003  b_vm_init_rng                      vm
     00000003  b_vm_invoke                        vm
     00000003  b_vm_join                          vm
     00000003  b_vm_jump                          vm
     00000003  b_vm_lock                          vm
     00000003  b_vm_loop                          vm
     00000003  b_vm_memcpy                        vm
     00000003  b_vm_memset                        vm
     00000003  b_vm_poll_loaded                   vm
     00000003  b_vm_pop                           vm
     00000003  b_vm_push                          vm
     00000003  b_vm_push_reference                vm
     00000003  b_vm_push_value                    vm
     00000003  b_vm_push_value_ind                vm
     00000003  b_vm_raise                         vm
     00000003  b_vm_rand                          vm
     00000003  b_vm_reserve                       vm
     00000003  b_vm_ret                           vm
     00000003  b_vm_ret_far                       vm
     00000003  b_vm_set                           vm
     00000003  b_vm_set_const                     vm
     00000003  b_vm_set_indirect                  vm
     00000003  b_vm_terminate                     vm
     00000003  b_vm_test_terminate                vm
     00000003  b_vm_unlock                        vm
     00000003  b_wait_frames                      vm
     00000003  l__HEADER9                      
     00000003  l__HEADER_LCD0                  
     00000003  l__HRAM12                       
     00000004  ___bank_bg_credits_tilemap         bg_credits_tilemap
     00000004  ___bank_bg_title_screen_tileset    bg_title_screen_tileset
     00000004  ___bank_font_gbs_mono              font_gbs_mono
     00000004  ___bank_scene_10_sprites           scene_10_sprites
     00000004  b_platform_init                    platform
     00000004  b_platform_update                  platform
     00000004  l__CRASH_HEADER1                
     00000004  l__HEADER_SIO0                  
     00000004  l__HEADER_TIMER0                
     00000005  ___bank_ACTOR                      actor
     00000005  ___bank_VM_ACTOR                   vm_actor
     00000005  ___bank_bg_pirateboat3_tileset     bg_pirateboat3_tileset
     00000005  ___bank_scene_12_sprites           scene_12_sprites
     00000005  ___bank_song_villaginarroun_Data   song_villaginarroun_Data
     00000005  b_activate_actor                   actor
     00000005  b_activate_actors_in_col           actor
ASxxxx Linker V03.00/V05.40 + sdld,  page 4.
Hexadecimal  [32-Bits]

Area                                    Addr        Size        Decimal Bytes (Attributes)
--------------------------------        ----        ----        ------- ----- ------------
.  .ABS.                            00000000    00000000 =           0. bytes (ABS,CON)

      Value  Global                              Global Defined In Module
      -----  --------------------------------   ------------------------
     00000005  b_activate_actors_in_row           actor
     00000005  b_actor_at_tile                    actor
     00000005  b_actor_get_frame_offset           actor
     00000005  b_actor_in_front_of_player         actor
     00000005  b_actor_overlapping_bb             actor
     00000005  b_actor_overlapping_player         actor
     00000005  b_actor_set_anim_idle              actor
     00000005  b_actor_set_anim_moving            actor
     00000005  b_actor_set_dir                    actor
     00000005  b_actor_set_frame_offset           actor
     00000005  b_actor_set_frames                 actor
     00000005  b_actors_handle_player_collision   actor
     00000005  b_actors_init                      actor
     00000005  b_check_collision_in_direction     actor
     00000005  b_deactivate_actor                 actor
     00000005  b_player_init                      actor
     00000005  b_vm_actor_activate                vm_actor
     00000005  b_vm_actor_begin_update            vm_actor
     00000005  b_vm_actor_deactivate              vm_actor
     00000005  b_vm_actor_emote                   vm_actor
     00000005  b_vm_actor_get_angle               vm_actor
     00000005  b_vm_actor_get_anim_frame          vm_actor
     00000005  b_vm_actor_get_dir                 vm_actor
     00000005  b_vm_actor_get_pos                 vm_actor
     00000005  b_vm_actor_move_cancel             vm_actor
     00000005  b_vm_actor_move_to                 vm_actor
     00000005  b_vm_actor_replace_tile            vm_actor
     00000005  b_vm_actor_set_anim                vm_actor
     00000005  b_vm_actor_set_anim_frame          vm_actor
     00000005  b_vm_actor_set_anim_set            vm_actor
     00000005  b_vm_actor_set_anim_tick           vm_actor
     00000005  b_vm_actor_set_bounds              vm_actor
     00000005  b_vm_actor_set_dir                 vm_actor
     00000005  b_vm_actor_set_flags               vm_actor
     00000005  b_vm_actor_set_move_speed          vm_actor
     00000005  b_vm_actor_set_pos                 vm_actor
     00000005  b_vm_actor_set_spritesheet         vm_actor
     00000005  b_vm_actor_set_spritesheet_by_re   vm_actor
     00000005  b_vm_actor_terminate_update        vm_actor
     00000005  l__CRASH_HEADER0                
     00000005  l__HEADER1                      
     00000006  ___bank_bg_diningroom_tileset      bg_diningroom_tileset
     00000006  ___bank_bg_pausa_fixed_tileset     bg_pausa_fixed_tileset
     00000006  ___bank_bg_skeleton_back_tilemap   bg_skeleton_back_tilemap
     00000006  ___bank_scene_18_sprites           scene_18_sprites
     00000006  ___bank_scene_27_collisions        scene_27_collisions
     00000006  ___bank_scene_7_collisions         scene_7_collisions
     00000006  ___bank_song_main_menu_Data        song_main_menu_Data
     00000006  l__HEADER8                      
     00000007  ___bank_VM_RTC                     vm_rtc
     00000007  ___bank_actor_46_interact          actor_46_interact
ASxxxx Linker V03.00/V05.40 + sdld,  page 5.
Hexadecimal  [32-Bits]

Area                                    Addr        Size        Decimal Bytes (Attributes)
--------------------------------        ----        ----        ------- ----- ------------
.  .ABS.                            00000000    00000000 =           0. bytes (ABS,CON)

      Value  Global                              Global Defined In Module
      -----  --------------------------------   ------------------------
     00000007  ___bank_bg_cutscene_entrance_til   bg_cutscene_entrance_tileset
     00000007  ___bank_bg_cutscene_ingame_tiles   bg_cutscene_ingame_tileset
     00000007  ___bank_bg_cutscene_lanternas2_t   bg_cutscene_lanternas2_tiles
     00000007  ___bank_bg_inventory_chief_tiles   bg_inventory_chief_tileset
     00000007  ___bank_bg_skeleton_back_tileset   bg_skeleton_back_tileset
     00000007  b_vm_rtc_get                       vm_rtc
     00000007  b_vm_rtc_latch                     vm_rtc
     00000007  b_vm_rtc_set                       vm_rtc
     00000007  b_vm_rtc_start                     vm_rtc
     00000007  l__HEADER2                      
     00000008  ___bank_scene_13_sprites           scene_13_sprites
     00000008  ___bank_scene_32_init              scene_32_init
     00000008  ___bank_song_di_logo_ou_neutrali   song_di_logo_ou_neutralidad_
     00000008  ___bank_song_explorar_vila_Data    song_explorar_vila_Data
     00000008  ___bank_song_final_Data            song_final_Data
     00000008  ___bank_song_m_sica_tensa_Data     song_m_sica_tensa_Data
     00000008  ___bank_song_navega_o_Data         song_navega_o_Data
     00000008  ___bank_song_song_template_Data    song_song_template_Data
     00000008  ___mute_mask_sound_legacy_3        sound_legacy_3
     00000008  ___mute_mask_sound_legacy_4        sound_legacy_4
     00000008  ___mute_mask_sound_legacy_5        sound_legacy_5
     00000008  ___mute_mask_sound_sword_slash_v   sound_sword_slash_vgm
     00000008  l__HEADER3                      
     00000009  ___bank_actor_58_interact          actor_58_interact
     00000009  ___bank_bg_credits_tileset         bg_credits_tileset
     00000009  ___bank_bg_inventory_samurai_til   bg_inventory_samurai_tileset
     00000009  ___bank_bg_portuguese_boat_befor   bg_portuguese_boat_before_ti
     00000009  ___bank_bg_portugueseboat_tilese   bg_portugueseboat_tileset
     00000009  ___bank_bg_vila_2_tileset          bg_vila_2_tileset
     00000009  ___bank_scene_0_init               scene_0_init
     00000009  ___bank_song_tenso_2_Data          song_tenso_2_Data
     0000000A  ___bank_bg_becodeath_tileset       bg_becodeath_tileset
     0000000A  ___bank_bg_crows_nest_tileset      bg_crows_nest_tileset
     0000000A  ___bank_bg_vila_1_tileset          bg_vila_1_tileset
     0000000A  ___bank_script_2                   script_2
     0000000A  ___bank_script_timer_0             script_timer_0
     0000000A  b_adventure_init                   adventure
     0000000A  b_adventure_update                 adventure
     0000000A  b_do_load_palette                  data_manager
     0000000A  b_load_background                  data_manager
     0000000A  b_load_bkg_tileset                 data_manager
     0000000A  b_load_bounds                      data_manager
     0000000A  b_load_emote                       data_manager
     0000000A  b_load_init                        data_manager
     0000000A  b_load_player                      data_manager
     0000000A  b_load_scene                       data_manager
     0000000A  b_load_sprite                      data_manager
     0000000A  b_projectile_launch                projectiles
     0000000A  b_projectiles_init                 projectiles
     0000000A  b_scroll_init                      scroll
     0000000A  b_scroll_repaint                   scroll
ASxxxx Linker V03.00/V05.40 + sdld,  page 6.
Hexadecimal  [32-Bits]

Area                                    Addr        Size        Decimal Bytes (Attributes)
--------------------------------        ----        ----        ------- ----- ------------
.  .ABS.                            00000000    00000000 =           0. bytes (ABS,CON)

      Value  Global                              Global Defined In Module
      -----  --------------------------------   ------------------------
     0000000A  b_scroll_reset                     scroll
     0000000A  b_scroll_update                    scroll
     0000000A  b_topdown_init                     topdown
     0000000A  b_topdown_update                   topdown
     0000000B  ___bank_VM_GAMEBOY                 vm_gameboy
     0000000B  ___bank_VM_UI                      vm_ui
     0000000B  ___bank_actor_37_interact          actor_37_interact
     0000000B  ___bank_actor_51_interact          actor_51_interact
     0000000B  ___bank_actor_64_interact          actor_64_interact
     0000000B  ___bank_bg_chief_entrance_tilese   bg_chief_entrance_tileset
     0000000B  ___bank_bg_docas_tileset           bg_docas_tileset
     0000000B  ___bank_bg_logo_tileset            bg_logo_tileset
     0000000B  ___bank_bg_portuguese_boat_cutsc   bg_portuguese_boat_cutscene_
     0000000B  ___bank_bg_vila_2_tilemap          bg_vila_2_tilemap
     0000000B  ___bank_scene_4_collisions         scene_4_collisions
     0000000B  ___bank_script_input_6             script_input_6
     0000000B  b_core_reset                       core
     0000000B  b_core_run                         core
     0000000B  b_data_clear                       load_save
     0000000B  b_data_init                        load_save
     0000000B  b_data_load                        load_save
     0000000B  b_data_peek                        load_save
     0000000B  b_data_save                        load_save
     0000000B  b_trigger_activate_at              trigger
     0000000B  b_trigger_activate_at_intersecti   trigger
     0000000B  b_trigger_at_intersection          trigger
     0000000B  b_trigger_at_tile                  trigger
     0000000B  b_trigger_interact                 trigger
     0000000B  b_trigger_reset                    trigger
     0000000B  b_vm_choice                        vm_ui
     0000000B  b_vm_context_prepare               vm_gameboy
     0000000B  b_vm_display_text                  vm_ui
     0000000B  b_vm_fade                          vm_gameboy
     0000000B  b_vm_get_tile_xy                   vm_gameboy
     0000000B  b_vm_input_attach                  vm_gameboy
     0000000B  b_vm_input_detach                  vm_gameboy
     0000000B  b_vm_input_get                     vm_gameboy
     0000000B  b_vm_input_wait                    vm_gameboy
     0000000B  b_vm_load_tileset                  vm_gameboy
     0000000B  b_vm_overlay_clear                 vm_ui
     0000000B  b_vm_overlay_move_to               vm_ui
     0000000B  b_vm_overlay_scroll                vm_ui
     0000000B  b_vm_overlay_set_map               vm_ui
     0000000B  b_vm_overlay_set_scroll            vm_ui
     0000000B  b_vm_overlay_set_submap            vm_ui
     0000000B  b_vm_overlay_set_submap_ex         vm_ui
     0000000B  b_vm_overlay_setpos                vm_ui
     0000000B  b_vm_overlay_show                  vm_ui
     0000000B  b_vm_overlay_wait                  vm_ui
     0000000B  b_vm_poll                          vm_gameboy
     0000000B  b_vm_replace_tile                  vm_gameboy
ASxxxx Linker V03.00/V05.40 + sdld,  page 7.
Hexadecimal  [32-Bits]

Area                                    Addr        Size        Decimal Bytes (Attributes)
--------------------------------        ----        ----        ------- ----- ------------
.  .ABS.                            00000000    00000000 =           0. bytes (ABS,CON)

      Value  Global                              Global Defined In Module
      -----  --------------------------------   ------------------------
     0000000B  b_vm_replace_tile_xy               vm_gameboy
     0000000B  b_vm_rumble                        vm_gameboy
     0000000B  b_vm_set_font                      vm_ui
     0000000B  b_vm_set_sprite_mode               vm_gameboy
     0000000B  b_vm_set_sprites_visible           vm_gameboy
     0000000B  b_vm_set_text_sound                vm_ui
     0000000B  b_vm_switch_text_layer             vm_ui
     0000000B  b_vm_timer_prepare                 vm_gameboy
     0000000B  b_vm_timer_reset                   vm_gameboy
     0000000B  b_vm_timer_set                     vm_gameboy
     0000000B  b_vm_timer_stop                    vm_gameboy
     0000000C  ___bank_VM_SIO                     vm_sio
     0000000C  ___bank_actor_38_update            actor_38_update
     0000000C  ___bank_actor_60_interact          actor_60_interact
     0000000C  ___bank_bg_docas_tilemap           bg_docas_tilemap
     0000000C  ___bank_bg_placeholder_tileset     bg_placeholder_tileset
     0000000C  ___bank_bg_vila_1_tilemap          bg_vila_1_tilemap
     0000000C  ___bank_scene_10_init              scene_10_init
     0000000C  ___bank_scene_16_collisions        scene_16_collisions
     0000000C  ___bank_scene_17_collisions        scene_17_collisions
     0000000C  ___bank_scene_19_collisions        scene_19_collisions
     0000000C  ___bank_scene_30_collisions        scene_30_collisions
     0000000C  ___bank_scene_42_collisions        scene_42_collisions
     0000000C  ___bank_sprite_chefe_vila_tilese   sprite_chefe_vila_tileset
     0000000C  ___bank_sprite_main_character_ti   sprite_main_character_tilese
     0000000C  ___bank_sprite_ninja_tileset       sprite_ninja_tileset
     0000000C  ___bank_sprite_pirata2_tileset     sprite_pirata2_tileset
     0000000C  ___bank_sprite_tripulante1_tiles   sprite_tripulante1_tileset
     0000000C  ___bank_sprite_tripulante2_tiles   sprite_tripulante2_tileset
     0000000C  b___HandleCrash_banked             
     0000000C  b_atan2                            math_atan2
     0000000C  b_gbprinter_detect                 gbprinter
     0000000C  b_gbprinter_print_overlay          gbprinter
     0000000C  b_pointnclick_init                 pointnclick
     0000000C  b_pointnclick_update               pointnclick
     0000000C  b_vm_sio_exchange                  vm_sio
     0000000C  b_vm_sio_set_mode                  vm_sio
     0000000D  ___bank_actor_20_update            actor_20_update
     0000000D  ___bank_actor_31_interact          actor_31_interact
     0000000D  ___bank_actor_73_interact          actor_73_interact
     0000000D  ___bank_actor_76_interact          actor_76_interact
     0000000D  ___bank_actor_95_interact          actor_95_interact
     0000000D  ___bank_bg_beco_tilemap            bg_beco_tilemap
     0000000D  ___bank_bg_beco_tileset            bg_beco_tileset
     0000000D  ___bank_bg_pirateboat3_tilemap     bg_pirateboat3_tilemap
     0000000D  ___bank_bg_portuguese_boat_befor   bg_portuguese_boat_before_ti
     0000000D  ___bank_bg_portugueseboat_tilema   bg_portugueseboat_tilemap
     0000000D  ___bank_scene_12_collisions        scene_12_collisions
     0000000D  ___bank_scene_13_init              scene_13_init
     0000000D  ___bank_scene_14_collisions        scene_14_collisions
     0000000D  ___bank_scene_18_collisions        scene_18_collisions
ASxxxx Linker V03.00/V05.40 + sdld,  page 8.
Hexadecimal  [32-Bits]

Area                                    Addr        Size        Decimal Bytes (Attributes)
--------------------------------        ----        ----        ------- ----- ------------
.  .ABS.                            00000000    00000000 =           0. bytes (ABS,CON)

      Value  Global                              Global Defined In Module
      -----  --------------------------------   ------------------------
     0000000D  ___bank_scene_19_actors            scene_19_actors
     0000000D  ___bank_scene_24_collisions        scene_24_collisions
     0000000D  ___bank_scene_25_collisions        scene_25_collisions
     0000000D  ___bank_scene_34_init              scene_34_init
     0000000D  ___bank_scene_40_actors            scene_40_actors
     0000000D  ___bank_scene_40_collisions        scene_40_collisions
     0000000D  ___bank_scene_41_collisions        scene_41_collisions
     0000000D  ___bank_scene_46_actors            scene_46_actors
     0000000D  ___bank_scene_46_collisions        scene_46_collisions
     0000000D  ___bank_scene_6_collisions         scene_6_collisions
     0000000D  ___bank_sound_legacy_0             sound_legacy_0
     0000000D  ___bank_sprite_samurai_tileset     sprite_samurai_tileset
     0000000D  ___bank_sprite_tradutor_tileset    sprite_tradutor_tileset
     0000000D  ___bank_trigger_46_interact        trigger_46_interact
     0000000D  b_fade_applypalettechange          fade_manager
     0000000D  b_fade_in                          fade_manager
     0000000D  b_fade_in_modal                    fade_manager
     0000000D  b_fade_init                        fade_manager
     0000000D  b_fade_out                         fade_manager
     0000000D  b_fade_out_modal                   fade_manager
     0000000D  b_fade_setspeed                    fade_manager
     0000000D  b_fade_update                      fade_manager
     0000000D  b_set_sgb_border                   sgb_border
     0000000E  ___bank_actor_12_interact          actor_12_interact
     0000000E  ___bank_actor_13_interact          actor_13_interact
     0000000E  ___bank_actor_14_interact          actor_14_interact
     0000000E  ___bank_actor_15_interact          actor_15_interact
     0000000E  ___bank_actor_29_interact          actor_29_interact
     0000000E  ___bank_actor_39_update            actor_39_update
     0000000E  ___bank_actor_47_interact          actor_47_interact
     0000000E  ___bank_actor_49_interact          actor_49_interact
     0000000E  ___bank_actor_59_interact          actor_59_interact
     0000000E  ___bank_bg_barco_a_sair_do_porto   bg_barco_a_sair_do_porto_til
     0000000E  ___bank_bg_becodeath_tilemap       bg_becodeath_tilemap
     0000000E  ___bank_bg_boatdeath_tilemap       bg_boatdeath_tilemap
     0000000E  ___bank_bg_chief_entrance_tilema   bg_chief_entrance_tilemap
     0000000E  ___bank_bg_crows_nest_tilemap      bg_crows_nest_tilemap
     0000000E  ___bank_bg_cutscene_badending_ti   bg_cutscene_badending_tilema
     0000000E  ___bank_bg_cutscene_entrance_til   bg_cutscene_entrance_tilemap
     0000000E  ___bank_bg_cutscene_fan_final_ti   bg_cutscene_fan_final_tilema
     0000000E  ___bank_bg_cutscene_ingame_tilem   bg_cutscene_ingame_tilemap
     0000000E  ___bank_bg_cutscene_lanternas2_t   bg_cutscene_lanternas2_tilem
     0000000E  ___bank_bg_diningroom_tilemap      bg_diningroom_tilemap
     0000000E  ___bank_bg_inventory_chief_tilem   bg_inventory_chief_tilemap
     0000000E  ___bank_bg_inventory_samurai_til   bg_inventory_samurai_tilemap
     0000000E  ___bank_bg_logo_tilemap            bg_logo_tilemap
     0000000E  ___bank_bg_main_menu_tilemap       bg_main_menu_tilemap
     0000000E  ___bank_bg_pausa_fixed_tilemap     bg_pausa_fixed_tilemap
     0000000E  ___bank_bg_piratedeath_tilemap     bg_piratedeath_tilemap
     0000000E  ___bank_bg_placeholder_tilemap     bg_placeholder_tilemap
     0000000E  ___bank_bg_portuguese_boat_cutsc   bg_portuguese_boat_cutscene_
ASxxxx Linker V03.00/V05.40 + sdld,  page 9.
Hexadecimal  [32-Bits]

Area                                    Addr        Size        Decimal Bytes (Attributes)
--------------------------------        ----        ----        ------- ----- ------------
.  .ABS.                            00000000    00000000 =           0. bytes (ABS,CON)

      Value  Global                              Global Defined In Module
      -----  --------------------------------   ------------------------
     0000000E  ___bank_bg_title_screen_tilemap    bg_title_screen_tilemap
     0000000E  ___bank_scene_0_collisions         scene_0_collisions
     0000000E  ___bank_scene_10_collisions        scene_10_collisions
     0000000E  ___bank_scene_11_collisions        scene_11_collisions
     0000000E  ___bank_scene_12_actors            scene_12_actors
     0000000E  ___bank_scene_13_collisions        scene_13_collisions
     0000000E  ___bank_scene_15_collisions        scene_15_collisions
     0000000E  ___bank_scene_1_collisions         scene_1_collisions
     0000000E  ___bank_scene_2_collisions         scene_2_collisions
     0000000E  ___bank_scene_33_init              scene_33_init
     0000000E  ___bank_sprite_espanhol_og_tiles   sprite_espanhol_og_tileset
     0000000E  ___bank_sprite_pirata1_tileset     sprite_pirata1_tileset
     0000000E  ___bank_sprite_slash_placeholder   sprite_slash_placeholder_til
     0000000E  ___bank_trigger_47_interact        trigger_47_interact
     0000000E  ___bank_trigger_48_interact        trigger_48_interact
     0000000F  ___bank_VM_MATH                    vm_math
     0000000F  ___bank_VM_MUSIC                   vm_music
     0000000F  ___bank_VM_PALETTE                 vm_palette
     0000000F  ___bank_actor_104_interact         actor_104_interact
     0000000F  ___bank_actor_105_interact         actor_105_interact
     0000000F  ___bank_actor_19_update            actor_19_update
     0000000F  ___bank_actor_22_update            actor_22_update
     0000000F  ___bank_actor_24_update            actor_24_update
     0000000F  ___bank_actor_30_update            actor_30_update
     0000000F  ___bank_actor_32_interact          actor_32_interact
     0000000F  ___bank_actor_34_interact          actor_34_interact
     0000000F  ___bank_actor_68_interact          actor_68_interact
     0000000F  ___bank_actor_74_interact          actor_74_interact
     0000000F  ___bank_actor_75_interact          actor_75_interact
     0000000F  ___bank_actor_86_interact          actor_86_interact
     0000000F  ___bank_actor_89_interact          actor_89_interact
     0000000F  ___bank_actor_96_interact          actor_96_interact
     0000000F  ___bank_actor_97_interact          actor_97_interact
     0000000F  ___bank_scene_16_init              scene_16_init
     0000000F  ___bank_scene_20_collisions        scene_20_collisions
     0000000F  ___bank_scene_21_collisions        scene_21_collisions
     0000000F  ___bank_scene_22_collisions        scene_22_collisions
     0000000F  ___bank_scene_22_init              scene_22_init
     0000000F  ___bank_scene_23_collisions        scene_23_collisions
     0000000F  ___bank_scene_26_collisions        scene_26_collisions
     0000000F  ___bank_scene_28_collisions        scene_28_collisions
     0000000F  ___bank_scene_29_collisions        scene_29_collisions
     0000000F  ___bank_scene_31_collisions        scene_31_collisions
     0000000F  ___bank_scene_32_collisions        scene_32_collisions
     0000000F  ___bank_scene_33_collisions        scene_33_collisions
     0000000F  ___bank_scene_34_collisions        scene_34_collisions
     0000000F  ___bank_scene_35_collisions        scene_35_collisions
     0000000F  ___bank_scene_36_collisions        scene_36_collisions
     0000000F  ___bank_scene_37_collisions        scene_37_collisions
     0000000F  ___bank_scene_38_collisions        scene_38_collisions
     0000000F  ___bank_scene_39_collisions        scene_39_collisions
ASxxxx Linker V03.00/V05.40 + sdld,  page 10.
Hexadecimal  [32-Bits]

Area                                    Addr        Size        Decimal Bytes (Attributes)
--------------------------------        ----        ----        ------- ----- ------------
.  .ABS.                            00000000    00000000 =           0. bytes (ABS,CON)

      Value  Global                              Global Defined In Module
      -----  --------------------------------   ------------------------
     0000000F  ___bank_scene_3_collisions         scene_3_collisions
     0000000F  ___bank_scene_42_init              scene_42_init
     0000000F  ___bank_scene_43_collisions        scene_43_collisions
     0000000F  ___bank_scene_44_collisions        scene_44_collisions
     0000000F  ___bank_scene_5_collisions         scene_5_collisions
     0000000F  ___bank_scene_8_collisions         scene_8_collisions
     0000000F  ___bank_scene_9_collisions         scene_9_collisions
     0000000F  ___bank_script_3                   script_3
     0000000F  ___bank_script_6                   script_6
     0000000F  ___bank_sprite_actor_animated_ti   sprite_actor_animated_tilese
     0000000F  ___bank_sprite_boat_life_bar_til   sprite_boat_life_bar_tileset
     0000000F  ___bank_sprite_boat_life_reverse   sprite_boat_life_reverse_til
     0000000F  ___bank_sprite_main_character      sprite_main_character
     0000000F  ___bank_trigger_71_interact        trigger_71_interact
     0000000F  b_logo_init                        logo
     0000000F  b_logo_update                      logo
     0000000F  b_vm_cos_scale                     vm_math
     0000000F  b_vm_load_palette                  vm_palette
     0000000F  b_vm_music_mute                    vm_music
     0000000F  b_vm_music_play                    vm_music
     0000000F  b_vm_music_routine                 vm_music
     0000000F  b_vm_music_setpos                  vm_music
     0000000F  b_vm_music_stop                    vm_music
     0000000F  b_vm_sfx_play                      vm_music
     0000000F  b_vm_sin_scale                     vm_math
     0000000F  b_vm_sound_mastervol               vm_music
     00000010  ___bank_VM_GBPRINTER               vm_gbprinter
     00000010  ___bank_VM_LOAD_SAVE               vm_load_save
     00000010  ___bank_VM_PROJECTILE              vm_projectiles
     00000010  ___bank_VM_SCENE                   vm_scene
     00000010  ___bank_actor_102_interact         actor_102_interact
     00000010  ___bank_actor_103_interact         actor_103_interact
     00000010  ___bank_actor_14_update            actor_14_update
     00000010  ___bank_actor_43_update            actor_43_update
     00000010  ___bank_actor_48_interact          actor_48_interact
     00000010  ___bank_actor_50_interact          actor_50_interact
     00000010  ___bank_actor_84_interact          actor_84_interact
     00000010  ___bank_actor_85_interact          actor_85_interact
     00000010  ___bank_actor_88_interact          actor_88_interact
     00000010  ___bank_frame_image                frame_image
     00000010  ___bank_scene_11_init              scene_11_init
     00000010  ___bank_scene_14_actors            scene_14_actors
     00000010  ___bank_scene_16_actors            scene_16_actors
     00000010  ___bank_scene_17_actors            scene_17_actors
     00000010  ___bank_scene_17_init              scene_17_init
     00000010  ___bank_scene_18_actors            scene_18_actors
     00000010  ___bank_scene_19_init              scene_19_init
     00000010  ___bank_scene_21_actors            scene_21_actors
     00000010  ___bank_scene_21_init              scene_21_init
     00000010  ___bank_scene_22_actors            scene_22_actors
     00000010  ___bank_scene_24_actors            scene_24_actors
ASxxxx Linker V03.00/V05.40 + sdld,  page 11.
Hexadecimal  [32-Bits]

Area                                    Addr        Size        Decimal Bytes (Attributes)
--------------------------------        ----        ----        ------- ----- ------------
.  .ABS.                            00000000    00000000 =           0. bytes (ABS,CON)

      Value  Global                              Global Defined In Module
      -----  --------------------------------   ------------------------
     00000010  ___bank_scene_24_p_hit1            scene_24_p_hit1
     00000010  ___bank_scene_26_init              scene_26_init
     00000010  ___bank_scene_29_init              scene_29_init
     00000010  ___bank_scene_30_init              scene_30_init
     00000010  ___bank_scene_31_actors            scene_31_actors
     00000010  ___bank_scene_31_init              scene_31_init
     00000010  ___bank_scene_39_actors            scene_39_actors
     00000010  ___bank_scene_40_init              scene_40_init
     00000010  ___bank_scene_41_init              scene_41_init
     00000010  ___bank_scene_42_actors            scene_42_actors
     00000010  ___bank_scene_43_actors            scene_43_actors
     00000010  ___bank_scene_43_init              scene_43_init
     00000010  ___bank_scene_44_init              scene_44_init
     00000010  ___bank_scene_6_actors             scene_6_actors
     00000010  ___bank_sound_menu_out_vgm         sound_menu_out_vgm
     00000010  ___bank_sprite_actor_animated      sprite_actor_animated
     00000010  ___bank_sprite_actor_tileset       sprite_actor_tileset
     00000010  ___bank_sprite_chefe_vila          sprite_chefe_vila
     00000010  ___bank_sprite_comerciante1_1_ti   sprite_comerciante1_1_tilese
     00000010  ___bank_sprite_comerciante1_2_ti   sprite_comerciante1_2_tilese
     00000010  ___bank_sprite_comerciante2_1_ti   sprite_comerciante2_1_tilese
     00000010  ___bank_sprite_espanhol_og         sprite_espanhol_og
     00000010  ___bank_sprite_franciscano_og_ti   sprite_franciscano_og_tilese
     00000010  ___bank_sprite_ninja               sprite_ninja
     00000010  ___bank_sprite_pirata1             sprite_pirata1
     00000010  ___bank_sprite_pirata2             sprite_pirata2
     00000010  ___bank_sprite_samurai             sprite_samurai
     00000010  ___bank_sprite_slash_placeholder   sprite_slash_placeholder
     00000010  ___bank_sprite_tradutor            sprite_tradutor
     00000010  ___bank_sprite_tripulante1         sprite_tripulante1
     00000010  ___bank_sprite_tripulante2         sprite_tripulante2
     00000010  ___bank_trigger_10_interact        trigger_10_interact
     00000010  ___bank_trigger_11_interact        trigger_11_interact
     00000010  ___bank_trigger_12_interact        trigger_12_interact
     00000010  ___bank_trigger_13_interact        trigger_13_interact
     00000010  ___bank_trigger_14_interact        trigger_14_interact
     00000010  ___bank_trigger_16_interact        trigger_16_interact
     00000010  ___bank_trigger_19_interact        trigger_19_interact
     00000010  ___bank_trigger_27_interact        trigger_27_interact
     00000010  ___bank_trigger_29_interact        trigger_29_interact
     00000010  ___bank_trigger_2_interact         trigger_2_interact
     00000010  ___bank_trigger_30_interact        trigger_30_interact
     00000010  ___bank_trigger_31_interact        trigger_31_interact
     00000010  ___bank_trigger_32_interact        trigger_32_interact
     00000010  ___bank_trigger_33_interact        trigger_33_interact
     00000010  ___bank_trigger_34_interact        trigger_34_interact
     00000010  ___bank_trigger_35_interact        trigger_35_interact
     00000010  ___bank_trigger_36_interact        trigger_36_interact
     00000010  ___bank_trigger_37_interact        trigger_37_interact
     00000010  ___bank_trigger_38_interact        trigger_38_interact
     00000010  ___bank_trigger_39_interact        trigger_39_interact
ASxxxx Linker V03.00/V05.40 + sdld,  page 12.
Hexadecimal  [32-Bits]

Area                                    Addr        Size        Decimal Bytes (Attributes)
--------------------------------        ----        ----        ------- ----- ------------
.  .ABS.                            00000000    00000000 =           0. bytes (ABS,CON)

      Value  Global                              Global Defined In Module
      -----  --------------------------------   ------------------------
     00000010  ___bank_trigger_40_interact        trigger_40_interact
     00000010  ___bank_trigger_4_interact         trigger_4_interact
     00000010  ___bank_trigger_5_interact         trigger_5_interact
     00000010  ___bank_trigger_63_interact        trigger_63_interact
     00000010  ___bank_trigger_67_interact        trigger_67_interact
     00000010  ___bank_trigger_6_interact         trigger_6_interact
     00000010  ___bank_trigger_7_interact         trigger_7_interact
     00000010  ___bank_trigger_8_interact         trigger_8_interact
     00000010  ___bank_trigger_9_interact         trigger_9_interact
     00000010  b_erase_flash                      
     00000010  b_itoa_fmt                         vm_ui_a
     00000010  b_music_events_poll                music_manager
     00000010  b_music_init_driver                music_manager
     00000010  b_music_init_events                music_manager
     00000010  b_save_sram_banks                  
     00000010  b_vm_print_detect                  vm_gbprinter
     00000010  b_vm_print_overlay                 vm_gbprinter
     00000010  b_vm_projectile_launch             vm_projectiles
     00000010  b_vm_projectile_load_type          vm_projectiles
     00000010  b_vm_save_clear                    vm_load_save
     00000010  b_vm_save_peek                     vm_load_save
     00000010  b_vm_scene_pop                     vm_scene
     00000010  b_vm_scene_pop_all                 vm_scene
     00000010  b_vm_scene_push                    vm_scene
     00000010  b_vm_scene_stack_reset             vm_scene
     00000011  ___bank_actor_100_interact         actor_100_interact
     00000011  ___bank_actor_101_interact         actor_101_interact
     00000011  ___bank_actor_106_update           actor_106_update
     00000011  ___bank_actor_13_update            actor_13_update
     00000011  ___bank_actor_15_update            actor_15_update
     00000011  ___bank_actor_18_update            actor_18_update
     00000011  ___bank_actor_21_update            actor_21_update
     00000011  ___bank_actor_23_update            actor_23_update
     00000011  ___bank_actor_25_update            actor_25_update
     00000011  ___bank_actor_26_interact          actor_26_interact
     00000011  ___bank_actor_33_update            actor_33_update
     00000011  ___bank_actor_35_update            actor_35_update
     00000011  ___bank_actor_37_update            actor_37_update
     00000011  ___bank_actor_45_update            actor_45_update
     00000011  ___bank_actor_4_update             actor_4_update
     00000011  ___bank_actor_53_update            actor_53_update
     00000011  ___bank_actor_54_update            actor_54_update
     00000011  ___bank_actor_55_update            actor_55_update
     00000011  ___bank_actor_56_update            actor_56_update
     00000011  ___bank_actor_57_update            actor_57_update
     00000011  ___bank_actor_63_interact          actor_63_interact
     00000011  ___bank_actor_65_interact          actor_65_interact
     00000011  ___bank_actor_66_interact          actor_66_interact
     00000011  ___bank_actor_67_interact          actor_67_interact
     00000011  ___bank_actor_69_update            actor_69_update
     00000011  ___bank_actor_70_interact          actor_70_interact
ASxxxx Linker V03.00/V05.40 + sdld,  page 13.
Hexadecimal  [32-Bits]

Area                                    Addr        Size        Decimal Bytes (Attributes)
--------------------------------        ----        ----        ------- ----- ------------
.  .ABS.                            00000000    00000000 =           0. bytes (ABS,CON)

      Value  Global                              Global Defined In Module
      -----  --------------------------------   ------------------------
     00000011  ___bank_actor_71_interact          actor_71_interact
     00000011  ___bank_actor_76_update            actor_76_update
     00000011  ___bank_actor_77_update            actor_77_update
     00000011  ___bank_actor_78_interact          actor_78_interact
     00000011  ___bank_actor_79_interact          actor_79_interact
     00000011  ___bank_actor_80_interact          actor_80_interact
     00000011  ___bank_actor_81_update            actor_81_update
     00000011  ___bank_actor_82_update            actor_82_update
     00000011  ___bank_actor_83_update            actor_83_update
     00000011  ___bank_actor_87_interact          actor_87_interact
     00000011  ___bank_actor_90_update            actor_90_update
     00000011  ___bank_actor_91_interact          actor_91_interact
     00000011  ___bank_actor_92_interact          actor_92_interact
     00000011  ___bank_actor_94_update            actor_94_update
     00000011  ___bank_actor_99_interact          actor_99_interact
     00000011  ___bank_actor_9_update             actor_9_update
     00000011  ___bank_emote_anger                emote_anger
     00000011  ___bank_emote_music                emote_music
     00000011  ___bank_emote_pause                emote_pause
     00000011  ___bank_emote_question             emote_question
     00000011  ___bank_emote_shock                emote_shock
     00000011  ___bank_scene_0                    scene_0
     00000011  ___bank_scene_1                    scene_1
     00000011  ___bank_scene_10                   scene_10
     00000011  ___bank_scene_10_actors            scene_10_actors
     00000011  ___bank_scene_11                   scene_11
     00000011  ___bank_scene_12                   scene_12
     00000011  ___bank_scene_12_init              scene_12_init
     00000011  ___bank_scene_13                   scene_13
     00000011  ___bank_scene_13_actors            scene_13_actors
     00000011  ___bank_scene_14                   scene_14
     00000011  ___bank_scene_14_init              scene_14_init
     00000011  ___bank_scene_15                   scene_15
     00000011  ___bank_scene_15_init              scene_15_init
     00000011  ___bank_scene_16                   scene_16
     00000011  ___bank_scene_17                   scene_17
     00000011  ___bank_scene_18                   scene_18
     00000011  ___bank_scene_19                   scene_19
     00000011  ___bank_scene_1_init               scene_1_init
     00000011  ___bank_scene_2                    scene_2
     00000011  ___bank_scene_20                   scene_20
     00000011  ___bank_scene_20_actors            scene_20_actors
     00000011  ___bank_scene_20_init              scene_20_init
     00000011  ___bank_scene_21                   scene_21
     00000011  ___bank_scene_22                   scene_22
     00000011  ___bank_scene_23                   scene_23
     00000011  ___bank_scene_23_init              scene_23_init
     00000011  ___bank_scene_24                   scene_24
     00000011  ___bank_scene_25                   scene_25
     00000011  ___bank_scene_25_actors            scene_25_actors
     00000011  ___bank_scene_26                   scene_26
ASxxxx Linker V03.00/V05.40 + sdld,  page 14.
Hexadecimal  [32-Bits]

Area                                    Addr        Size        Decimal Bytes (Attributes)
--------------------------------        ----        ----        ------- ----- ------------
.  .ABS.                            00000000    00000000 =           0. bytes (ABS,CON)

      Value  Global                              Global Defined In Module
      -----  --------------------------------   ------------------------
     00000011  ___bank_scene_27                   scene_27
     00000011  ___bank_scene_27_actors            scene_27_actors
     00000011  ___bank_scene_27_init              scene_27_init
     00000011  ___bank_scene_27_triggers          scene_27_triggers
     00000011  ___bank_scene_28                   scene_28
     00000011  ___bank_scene_29                   scene_29
     00000011  ___bank_scene_29_actors            scene_29_actors
     00000011  ___bank_scene_3                    scene_3
     00000011  ___bank_scene_30                   scene_30
     00000011  ___bank_scene_30_actors            scene_30_actors
     00000011  ___bank_scene_30_sprites           scene_30_sprites
     00000011  ___bank_scene_31                   scene_31
     00000011  ___bank_scene_32                   scene_32
     00000011  ___bank_scene_32_actors            scene_32_actors
     00000011  ___bank_scene_33                   scene_33
     00000011  ___bank_scene_34                   scene_34
     00000011  ___bank_scene_35                   scene_35
     00000011  ___bank_scene_35_init              scene_35_init
     00000011  ___bank_scene_36                   scene_36
     00000011  ___bank_scene_37                   scene_37
     00000011  ___bank_scene_38                   scene_38
     00000011  ___bank_scene_39                   scene_39
     00000011  ___bank_scene_4                    scene_4
     00000011  ___bank_scene_40                   scene_40
     00000011  ___bank_scene_41                   scene_41
     00000011  ___bank_scene_41_actors            scene_41_actors
     00000011  ___bank_scene_42                   scene_42
     00000011  ___bank_scene_43                   scene_43
     00000011  ___bank_scene_44                   scene_44
     00000011  ___bank_scene_44_actors            scene_44_actors
     00000011  ___bank_scene_46                   scene_46
     00000011  ___bank_scene_46_init              scene_46_init
     00000011  ___bank_scene_4_init               scene_4_init
     00000011  ___bank_scene_5                    scene_5
     00000011  ___bank_scene_5_actors             scene_5_actors
     00000011  ___bank_scene_5_init               scene_5_init
     00000011  ___bank_scene_6                    scene_6
     00000011  ___bank_scene_6_init               scene_6_init
     00000011  ___bank_scene_7                    scene_7
     00000011  ___bank_scene_7_actors             scene_7_actors
     00000011  ___bank_scene_7_init               scene_7_init
     00000011  ___bank_scene_7_triggers           scene_7_triggers
     00000011  ___bank_scene_8                    scene_8
     00000011  ___bank_scene_9                    scene_9
     00000011  ___bank_script_4                   script_4
     00000011  ___bank_script_engine_init         
     00000011  ___bank_script_input_0             script_input_0
     00000011  ___bank_script_input_1             script_input_1
     00000011  ___bank_script_input_10            script_input_10
     00000011  ___bank_script_input_12            script_input_12
     00000011  ___bank_script_input_13            script_input_13
ASxxxx Linker V03.00/V05.40 + sdld,  page 15.
Hexadecimal  [32-Bits]

Area                                    Addr        Size        Decimal Bytes (Attributes)
--------------------------------        ----        ----        ------- ----- ------------
.  .ABS.                            00000000    00000000 =           0. bytes (ABS,CON)

      Value  Global                              Global Defined In Module
      -----  --------------------------------   ------------------------
     00000011  ___bank_script_input_14            script_input_14
     00000011  ___bank_script_input_15            script_input_15
     00000011  ___bank_script_input_16            script_input_16
     00000011  ___bank_script_input_17            script_input_17
     00000011  ___bank_script_input_18            script_input_18
     00000011  ___bank_script_input_19            script_input_19
     00000011  ___bank_script_input_2             script_input_2
     00000011  ___bank_script_input_20            script_input_20
     00000011  ___bank_script_input_21            script_input_21
     00000011  ___bank_script_input_22            script_input_22
     00000011  ___bank_script_input_23            script_input_23
     00000011  ___bank_script_input_24            script_input_24
     00000011  ___bank_script_input_25            script_input_25
     00000011  ___bank_script_input_26            script_input_26
     00000011  ___bank_script_input_27            script_input_27
     00000011  ___bank_script_input_28            script_input_28
     00000011  ___bank_script_input_29            script_input_29
     00000011  ___bank_script_input_3             script_input_3
     00000011  ___bank_script_input_30            script_input_30
     00000011  ___bank_script_input_31            script_input_31
     00000011  ___bank_script_input_7             script_input_7
     00000011  ___bank_script_input_8             script_input_8
     00000011  ___bank_script_timer_1             script_timer_1
     00000011  ___bank_sound_hurt_vgm             sound_hurt_vgm
     00000011  ___bank_sound_legacy_4             sound_legacy_4
     00000011  ___bank_sound_legacy_5             sound_legacy_5
     00000011  ___bank_sound_pause_vgm            sound_pause_vgm
     00000011  ___bank_sprite_actor               sprite_actor
     00000011  ___bank_sprite_arcabuz             sprite_arcabuz
     00000011  ___bank_sprite_arcabuz_tileset     sprite_arcabuz_tileset
     00000011  ___bank_sprite_boat_life_bar       sprite_boat_life_bar
     00000011  ___bank_sprite_boat_life_reverse   sprite_boat_life_reverse
     00000011  ___bank_sprite_caixa_1             sprite_caixa_1
     00000011  ___bank_sprite_caixa_1_tileset     sprite_caixa_1_tileset
     00000011  ___bank_sprite_comerciante1_1      sprite_comerciante1_1
     00000011  ___bank_sprite_comerciante1_2      sprite_comerciante1_2
     00000011  ___bank_sprite_comerciante2_1      sprite_comerciante2_1
     00000011  ___bank_sprite_comerciante2_2      sprite_comerciante2_2
     00000011  ___bank_sprite_comerciante2_2_ti   sprite_comerciante2_2_tilese
     00000011  ___bank_sprite_espada_europeia     sprite_espada_europeia
     00000011  ___bank_sprite_espada_europeia_t   sprite_espada_europeia_tiles
     00000011  ___bank_sprite_estatua_buda        sprite_estatua_buda
     00000011  ___bank_sprite_franciscano_og      sprite_franciscano_og
     00000011  ___bank_sprite_gunpointer          sprite_gunpointer
     00000011  ___bank_sprite_gunpointer_tilese   sprite_gunpointer_tileset
     00000011  ___bank_sprite_inventory_cursor    sprite_inventory_cursor
     00000011  ___bank_sprite_inventory_cursor_   sprite_inventory_cursor_tile
     00000011  ___bank_sprite_kunai               sprite_kunai
     00000011  ___bank_sprite_kunai_tileset       sprite_kunai_tileset
     00000011  ___bank_sprite_navio_portugues     sprite_navio_portugues
     00000011  ___bank_sprite_navio_portugues_i   sprite_navio_portugues_inve
ASxxxx Linker V03.00/V05.40 + sdld,  page 16.
Hexadecimal  [32-Bits]

Area                                    Addr        Size        Decimal Bytes (Attributes)
--------------------------------        ----        ----        ------- ----- ------------
.  .ABS.                            00000000    00000000 =           0. bytes (ABS,CON)

      Value  Global                              Global Defined In Module
      -----  --------------------------------   ------------------------
     00000011  ___bank_sprite_navio_portugues_i   sprite_navio_portugues_inve_
     00000011  ___bank_sprite_navio_portugues_t   sprite_navio_portugues_tiles
     00000011  ___bank_sprite_samurai1            sprite_samurai1
     00000011  ___bank_sprite_samurai1_tileset    sprite_samurai1_tileset
     00000011  ___bank_sprite_skull               sprite_skull
     00000011  ___bank_sprite_skull_tileset       sprite_skull_tileset
     00000011  ___bank_sprite_sprite_level_23_c   sprite_sprite_level_23_cris
     00000011  ___bank_sprite_sprite_level_23_c   sprite_sprite_level_23_cris_
     00000011  ___bank_sprite_sprite_level_4_ni   sprite_sprite_level_4_ninja
     00000011  ___bank_sprite_sprite_level_4_ni   sprite_sprite_level_4_ninja_
     00000011  ___bank_sprite_sprite_level_cris   sprite_sprite_level_cris_0
     00000011  ___bank_sprite_sprite_level_cris   sprite_sprite_level_cris_0_t
     00000011  ___bank_sprite_static              sprite_static
     00000011  ___bank_sprite_static_tileset      sprite_static_tileset
     00000011  ___bank_sprite_yipper              sprite_yipper
     00000011  ___bank_sprite_yipper_tileset      sprite_yipper_tileset
     00000011  ___bank_trigger_0_interact         trigger_0_interact
     00000011  ___bank_trigger_15_interact        trigger_15_interact
     00000011  ___bank_trigger_17_interact        trigger_17_interact
     00000011  ___bank_trigger_18_interact        trigger_18_interact
     00000011  ___bank_trigger_1_interact         trigger_1_interact
     00000011  ___bank_trigger_20_interact        trigger_20_interact
     00000011  ___bank_trigger_21_interact        trigger_21_interact
     00000011  ___bank_trigger_22_interact        trigger_22_interact
     00000011  ___bank_trigger_23_interact        trigger_23_interact
     00000011  ___bank_trigger_25_interact        trigger_25_interact
     00000011  ___bank_trigger_26_interact        trigger_26_interact
     00000011  ___bank_trigger_28_interact        trigger_28_interact
     00000011  ___bank_trigger_3_interact         trigger_3_interact
     00000011  ___bank_trigger_41_interact        trigger_41_interact
     00000011  ___bank_trigger_42_interact        trigger_42_interact
     00000011  ___bank_trigger_44_interact        trigger_44_interact
     00000011  ___bank_trigger_50_interact        trigger_50_interact
     00000011  ___bank_trigger_51_interact        trigger_51_interact
     00000011  ___bank_trigger_52_interact        trigger_52_interact
     00000011  ___bank_trigger_55_interact        trigger_55_interact
     00000011  ___bank_trigger_56_interact        trigger_56_interact
     00000011  ___bank_trigger_57_interact        trigger_57_interact
     00000011  ___bank_trigger_58_interact        trigger_58_interact
     00000011  ___bank_trigger_59_interact        trigger_59_interact
     00000011  ___bank_trigger_60_interact        trigger_60_interact
     00000011  ___bank_trigger_61_interact        trigger_61_interact
     00000011  ___bank_trigger_64_interact        trigger_64_interact
     00000011  ___bank_trigger_65_interact        trigger_65_interact
     00000011  ___bank_trigger_66_interact        trigger_66_interact
     00000011  ___bank_trigger_68_interact        trigger_68_interact
     00000011  ___bank_trigger_70_interact        trigger_70_interact
     00000011  ___bank_trigger_72_interact        trigger_72_interact
     00000011  ___bank_trigger_73_interact        trigger_73_interact
     00000011  b_events_init                      events
     00000011  b_restore_sram                     flasher
ASxxxx Linker V03.00/V05.40 + sdld,  page 17.
Hexadecimal  [32-Bits]

Area                                    Addr        Size        Decimal Bytes (Attributes)
--------------------------------        ----        ----        ------- ----- ------------
.  .ABS.                            00000000    00000000 =           0. bytes (ABS,CON)

      Value  Global                              Global Defined In Module
      -----  --------------------------------   ------------------------
     00000011  b_restore_sram_bank                flasher
     00000011  b_save_sram                        flasher
     00000011  b_scroll_rect                      
     00000011  b_timers_init                      events
     00000012  ___bank_actor_10_interact          actor_10_interact
     00000012  ___bank_actor_10_update            actor_10_update
     00000012  ___bank_actor_19_interact          actor_19_interact
     00000012  ___bank_actor_1_interact           actor_1_interact
     00000012  ___bank_actor_1_update             actor_1_update
     00000012  ___bank_actor_20_interact          actor_20_interact
     00000012  ___bank_actor_22_interact          actor_22_interact
     00000012  ___bank_actor_2_interact           actor_2_interact
     00000012  ___bank_actor_2_update             actor_2_update
     00000012  ___bank_actor_30_interact          actor_30_interact
     00000012  ___bank_actor_3_interact           actor_3_interact
     00000012  ___bank_actor_3_update             actor_3_update
     00000012  ___bank_actor_40_interact          actor_40_interact
     00000012  ___bank_actor_41_interact          actor_41_interact
     00000012  ___bank_actor_42_interact          actor_42_interact
     00000012  ___bank_actor_52_interact          actor_52_interact
     00000012  ___bank_actor_5_interact           actor_5_interact
     00000012  ___bank_actor_5_update             actor_5_update
     00000012  ___bank_actor_60_update            actor_60_update
     00000012  ___bank_actor_61_interact          actor_61_interact
     00000012  ___bank_actor_62_interact          actor_62_interact
     00000012  ___bank_actor_6_interact           actor_6_interact
     00000012  ___bank_actor_6_update             actor_6_update
     00000012  ___bank_actor_7_interact           actor_7_interact
     00000012  ___bank_actor_7_update             actor_7_update
     00000012  ___bank_actor_8_interact           actor_8_interact
     00000012  ___bank_actor_8_update             actor_8_update
     00000012  ___bank_bg_barco_a_sair_do_porto   bg_barco_a_sair_do_porto
     00000012  ___bank_bg_beco                    bg_beco
     00000012  ___bank_bg_becodeath               bg_becodeath
     00000012  ___bank_bg_boatdeath               bg_boatdeath
     00000012  ___bank_bg_chief_entrance          bg_chief_entrance
     00000012  ___bank_bg_credits                 bg_credits
     00000012  ___bank_bg_crows_nest              bg_crows_nest
     00000012  ___bank_bg_cutscene_badending      bg_cutscene_badending
     00000012  ___bank_bg_cutscene_entrance       bg_cutscene_entrance
     00000012  ___bank_bg_cutscene_fan_final      bg_cutscene_fan_final
     00000012  ___bank_bg_cutscene_ingame         bg_cutscene_ingame
     00000012  ___bank_bg_cutscene_lanternas2     bg_cutscene_lanternas2
     00000012  ___bank_bg_diningroom              bg_diningroom
     00000012  ___bank_bg_docas                   bg_docas
     00000012  ___bank_bg_inventory_chief         bg_inventory_chief
     00000012  ___bank_bg_inventory_samurai       bg_inventory_samurai
     00000012  ___bank_bg_logo                    bg_logo
     00000012  ___bank_bg_main_menu               bg_main_menu
     00000012  ___bank_bg_pausa_fixed             bg_pausa_fixed
     00000012  ___bank_bg_pirateboat3             bg_pirateboat3
ASxxxx Linker V03.00/V05.40 + sdld,  page 18.
Hexadecimal  [32-Bits]

Area                                    Addr        Size        Decimal Bytes (Attributes)
--------------------------------        ----        ----        ------- ----- ------------
.  .ABS.                            00000000    00000000 =           0. bytes (ABS,CON)

      Value  Global                              Global Defined In Module
      -----  --------------------------------   ------------------------
     00000012  ___bank_bg_piratedeath             bg_piratedeath
     00000012  ___bank_bg_placeholder             bg_placeholder
     00000012  ___bank_bg_portuguese_boat_befor   bg_portuguese_boat_before
     00000012  ___bank_bg_portuguese_boat_cutsc   bg_portuguese_boat_cutscene
     00000012  ___bank_bg_portugueseboat          bg_portugueseboat
     00000012  ___bank_bg_skeleton_back           bg_skeleton_back
     00000012  ___bank_bg_title_screen            bg_title_screen
     00000012  ___bank_bg_vila_1                  bg_vila_1
     00000012  ___bank_bg_vila_2                  bg_vila_2
     00000012  ___bank_bootstrap_script           
     00000012  ___bank_cursor_image               cursor_image
     00000012  ___bank_scene_14_p_hit1            scene_14_p_hit1
     00000012  ___bank_scene_14_projectiles       scene_14_projectiles
     00000012  ___bank_scene_14_sprites           scene_14_sprites
     00000012  ___bank_scene_14_triggers          scene_14_triggers
     00000012  ___bank_scene_16_sprites           scene_16_sprites
     00000012  ___bank_scene_16_triggers          scene_16_triggers
     00000012  ___bank_scene_17_sprites           scene_17_sprites
     00000012  ___bank_scene_17_triggers          scene_17_triggers
     00000012  ___bank_scene_18_init              scene_18_init
     00000012  ___bank_scene_18_triggers          scene_18_triggers
     00000012  ___bank_scene_19_sprites           scene_19_sprites
     00000012  ___bank_scene_19_triggers          scene_19_triggers
     00000012  ___bank_scene_20_sprites           scene_20_sprites
     00000012  ___bank_scene_20_triggers          scene_20_triggers
     00000012  ___bank_scene_21_sprites           scene_21_sprites
     00000012  ___bank_scene_21_triggers          scene_21_triggers
     00000012  ___bank_scene_22_sprites           scene_22_sprites
     00000012  ___bank_scene_22_triggers          scene_22_triggers
     00000012  ___bank_scene_24_init              scene_24_init
     00000012  ___bank_scene_24_projectiles       scene_24_projectiles
     00000012  ___bank_scene_24_sprites           scene_24_sprites
     00000012  ___bank_scene_24_triggers          scene_24_triggers
     00000012  ___bank_scene_25_init              scene_25_init
     00000012  ___bank_scene_25_sprites           scene_25_sprites
     00000012  ___bank_scene_25_triggers          scene_25_triggers
     00000012  ___bank_scene_27_sprites           scene_27_sprites
     00000012  ___bank_scene_28_init              scene_28_init
     00000012  ___bank_scene_29_sprites           scene_29_sprites
     00000012  ___bank_scene_29_triggers          scene_29_triggers
     00000012  ___bank_scene_2_init               scene_2_init
     00000012  ___bank_scene_30_triggers          scene_30_triggers
     00000012  ___bank_scene_31_sprites           scene_31_sprites
     00000012  ___bank_scene_31_triggers          scene_31_triggers
     00000012  ___bank_scene_32_sprites           scene_32_sprites
     00000012  ___bank_scene_32_triggers          scene_32_triggers
     00000012  ___bank_scene_36_init              scene_36_init
     00000012  ___bank_scene_37_init              scene_37_init
     00000012  ___bank_scene_38_init              scene_38_init
     00000012  ___bank_scene_39_sprites           scene_39_sprites
     00000012  ___bank_scene_3_init               scene_3_init
ASxxxx Linker V03.00/V05.40 + sdld,  page 19.
Hexadecimal  [32-Bits]

Area                                    Addr        Size        Decimal Bytes (Attributes)
--------------------------------        ----        ----        ------- ----- ------------
.  .ABS.                            00000000    00000000 =           0. bytes (ABS,CON)

      Value  Global                              Global Defined In Module
      -----  --------------------------------   ------------------------
     00000012  ___bank_scene_40_projectiles       scene_40_projectiles
     00000012  ___bank_scene_40_sprites           scene_40_sprites
     00000012  ___bank_scene_40_triggers          scene_40_triggers
     00000012  ___bank_scene_41_sprites           scene_41_sprites
     00000012  ___bank_scene_41_triggers          scene_41_triggers
     00000012  ___bank_scene_42_sprites           scene_42_sprites
     00000012  ___bank_scene_42_triggers          scene_42_triggers
     00000012  ___bank_scene_43_sprites           scene_43_sprites
     00000012  ___bank_scene_43_triggers          scene_43_triggers
     00000012  ___bank_scene_44_sprites           scene_44_sprites
     00000012  ___bank_scene_44_triggers          scene_44_triggers
     00000012  ___bank_scene_46_projectiles       scene_46_projectiles
     00000012  ___bank_scene_46_sprites           scene_46_sprites
     00000012  ___bank_scene_46_triggers          scene_46_triggers
     00000012  ___bank_scene_4_triggers           scene_4_triggers
     00000012  ___bank_scene_5_sprites            scene_5_sprites
     00000012  ___bank_scene_6_p_hit1             scene_6_p_hit1
     00000012  ___bank_scene_6_projectiles        scene_6_projectiles
     00000012  ___bank_scene_6_sprites            scene_6_sprites
     00000012  ___bank_scene_6_triggers           scene_6_triggers
     00000012  ___bank_scene_7_sprites            scene_7_sprites
     00000012  ___bank_scene_8_init               scene_8_init
     00000012  ___bank_scene_9_init               scene_9_init
     00000012  ___bank_script_1                   script_1
     00000012  ___bank_script_input_11            script_input_11
     00000012  ___bank_script_input_4             script_input_4
     00000012  ___bank_script_input_5             script_input_5
     00000012  ___bank_script_input_9             script_input_9
     00000012  ___bank_sound_bump_vgm             sound_bump_vgm
     00000012  ___bank_sound_legacy_1             sound_legacy_1
     00000012  ___bank_sound_legacy_2             sound_legacy_2
     00000012  ___bank_sound_legacy_3             sound_legacy_3
     00000012  ___bank_sound_sword_slash_vgm      sound_sword_slash_vgm
     00000012  ___bank_sprite_estatua_buda_tile   sprite_estatua_buda_tileset
     00000012  ___bank_spritesheet_none           spritesheet_none
     00000012  ___bank_trigger_24_interact        trigger_24_interact
     00000012  ___bank_trigger_43_interact        trigger_43_interact
     00000012  ___bank_trigger_45_interact        trigger_45_interact
     00000012  ___bank_trigger_54_interact        trigger_54_interact
     00000012  b_SIO_init                         sio
     00000012  b_input_init                       input
     00000012  b_palette_init                     palette
     00000012  b_parallax_init                    parallax
     00000012  b_remove_LCD_ISRs                  interrupts
     0000001A  l__INITIALIZED                  
     0000001A  l__INITIALIZER                  
     0000001C  __start_save                    
     00000027  l__GSINIT                       
     00000030  l__HEADER7                      
     00000060  l__HEADER4                      
     000000AB  l__HEADER11                     
ASxxxx Linker V03.00/V05.40 + sdld,  page 20.
Hexadecimal  [32-Bits]

Area                                    Addr        Size        Decimal Bytes (Attributes)
--------------------------------        ----        ----        ------- ----- ------------
.  .ABS.                            00000000    00000000 =           0. bytes (ABS,CON)

      Value  Global                              Global Defined In Module
      -----  --------------------------------   ------------------------
     000001CB  l__CRASH_SCRATCH2               
     00000200  s__CODE                         
     00000BE3  l__CODE_18                      
     00000E64  l__CODE                         
     00001064  s__HOME                         
     00001994  l__DATA                         
     00002000  _rROMB0                            
     00002C6F  l__HOME                         
     00003000  _rROMB1                            
     00003CD3  s__BASE                         
     00003CD3  s__CODE_0                       
     00003CD3  s__INITIALIZER                  
     00003CD3  s__LIT                          
     00003CED  s__GSINIT                       
     00003D14  s__GSFINAL                      
     00003FFE  l__CODE_14                      
     00003FFE  l__CODE_15                      
     00003FFE  l__CODE_2                       
     00003FFE  l__CODE_7                       
     00003FFF  l__CODE_11                      
     00003FFF  l__CODE_3                       
     00003FFF  l__CODE_4                       
     00003FFF  l__CODE_6                       
     00003FFF  l__CODE_8                       
     00004000  _RTC_SELECT_REG                    vm_rtc
     00004000  _rRAMB                             
     00004000  l__CODE_1                       
     00004000  l__CODE_10                      
     00004000  l__CODE_12                      
     00004000  l__CODE_13                      
     00004000  l__CODE_16                      
     00004000  l__CODE_17                      
     00004000  l__CODE_5                       
     00004000  l__CODE_9                       
     00006000  _RTC_LATCH_REG                     vm_rtc
     00008000  __VRAM                             
     00008000  __VRAM8000                         
     00008800  __VRAM8800                         
     00009000  __VRAM9000                         
     00009800  __SCRN0                            
     00009C00  __SCRN1                            
     0000A000  _RTC_VALUE_REG                     vm_rtc
     0000A000  __SRAM                             
     0000C000  __RAM                              
     0000C000  _shadow_OAM                     
     0000C0A0  s__DATA                         
     0000D000  __RAMBANK                          
     0000DA34  s__BSS                          
     0000DA34  s__INITIALIZED                  
     0000DA4E  s__HEAP                         
     0000DA4E  s__HEAP_END                     
ASxxxx Linker V03.00/V05.40 + sdld,  page 21.
Hexadecimal  [32-Bits]

Area                                    Addr        Size        Decimal Bytes (Attributes)
--------------------------------        ----        ----        ------- ----- ------------
.  .ABS.                            00000000    00000000 =           0. bytes (ABS,CON)

      Value  Global                              Global Defined In Module
      -----  --------------------------------   ------------------------
     0000DF00  .STACK                          
     0000DF00  _shadow_OAM2                       absolute
     0000DFA0  _BkgPalette                        absolute
     0000DFE0  _vwf_tile_data                     absolute
     0000FE00  __OAMRAM                           
     0000FF00  _P1_REG                            
     0000FF00  __IO                               
     0000FF01  _SB_REG                            
     0000FF02  _SC_REG                            
     0000FF04  _DIV_REG                           
     0000FF05  _TIMA_REG                          
     0000FF06  _TMA_REG                           
     0000FF07  _TAC_REG                           
     0000FF0F  _IF_REG                            
     0000FF10  _NR10_REG                          
     0000FF11  _NR11_REG                          
     0000FF12  _NR12_REG                          
     0000FF13  _NR13_REG                          
     0000FF14  _NR14_REG                          
     0000FF16  _NR21_REG                          
     0000FF17  _NR22_REG                          
     0000FF18  _NR23_REG                          
     0000FF19  _NR24_REG                          
     0000FF1A  _NR30_REG                          
     0000FF1B  _NR31_REG                          
     0000FF1C  _NR32_REG                          
     0000FF1D  _NR33_REG                          
     0000FF1E  _NR34_REG                          
     0000FF20  _NR41_REG                          
     0000FF21  _NR42_REG                          
     0000FF22  _NR43_REG                          
     0000FF23  _NR44_REG                          
     0000FF24  _NR50_REG                          
     0000FF25  _NR51_REG                          
     0000FF26  _NR52_REG                          
     0000FF30  _AUD3WAVE                          
     0000FF30  _PCM_SAMPLE                        
     0000FF30  __AUD3WAVERAM                      
     0000FF40  _LCDC_REG                          
     0000FF41  _STAT_REG                          
     0000FF42  _SCY_REG                           
     0000FF43  _SCX_REG                           
     0000FF44  _LY_REG                            
     0000FF45  _LYC_REG                           
     0000FF46  _DMA_REG                           
     0000FF47  _BGP_REG                           
     0000FF48  _OBP0_REG                          
     0000FF49  _OBP1_REG                          
     0000FF4A  _WY_REG                            
     0000FF4B  _WX_REG                            
     0000FF4D  _KEY1_REG                          
ASxxxx Linker V03.00/V05.40 + sdld,  page 22.
Hexadecimal  [32-Bits]

Area                                    Addr        Size        Decimal Bytes (Attributes)
--------------------------------        ----        ----        ------- ----- ------------
.  .ABS.                            00000000    00000000 =           0. bytes (ABS,CON)

      Value  Global                              Global Defined In Module
      -----  --------------------------------   ------------------------
     0000FF4F  _VBK_REG                           
     0000FF51  _HDMA1_REG                         
     0000FF52  _HDMA2_REG                         
     0000FF53  _HDMA3_REG                         
     0000FF54  _HDMA4_REG                         
     0000FF55  _HDMA5_REG                         
     0000FF56  _RP_REG                            
     0000FF68  _BCPS_REG                          
     0000FF69  _BCPD_REG                          
     0000FF6A  _OCPS_REG                          
     0000FF6B  _OCPD_REG                          
     0000FF70  _SVBK_REG                          
     0000FF76  _PCM12_REG                         
     0000FF77  _PCM34_REG                         
     0000FF80  .refresh_OAM                    
     0000FF80  __HRAM                             
     0000FFFF  _IE_REG                            
     00014000  s__CODE_1                       
     00024000  s__CODE_2                       
     00034000  s__CODE_3                       
     00044000  s__CODE_4                       
     00054000  s__CODE_5                       
     00064000  s__CODE_6                       
     00074000  s__CODE_7                       
     00084000  s__CODE_8                       
     00094000  s__CODE_9                       
     000A4000  s__CODE_10                      
     000B4000  s__CODE_11                      
     000C4000  s__CODE_12                      
     000D4000  s__CODE_13                      
     000E4000  s__CODE_14                      
     000F4000  s__CODE_15                      
     00104000  s__CODE_16                      
     00114000  s__CODE_17                      
     00124000  s__CODE_18                      

ASxxxx Linker V03.00/V05.40 + sdld,  page 23.
Hexadecimal  [32-Bits]

Area                                    Addr        Size        Decimal Bytes (Attributes)
--------------------------------        ----        ----        ------- ----- ------------
_CODE                               00000200    00000E64 =        3684. bytes (REL,CON)

      Value  Global                              Global Defined In Module
      -----  --------------------------------   ------------------------
     00000200  ___HandleCrash                     
     0000020A  _SIO_send_byte                     
     0000021D  _SIO_receive                       
     0000022E  _GetWinAddr                        
[...]
                                          [ sprite_inventory_cursor ]
C:/Users/BAYEK/AppData/Local/Temp/_gbsbuild/obj/sprite_kunai_tileset.rel
                                          [ sprite_kunai_tileset ]
C:/Users/BAYEK/AppData/Local/Temp/_gbsbuild/obj/sprite_kunai.rel
                                          [ sprite_kunai ]
C:/Users/BAYEK/AppData/Local/Temp/_gbsbuild/obj/sprite_main_character_tileset.rel
                                          [ sprite_main_character_tileset ]
C:/Users/BAYEK/AppData/Local/Temp/_gbsbuild/obj/sprite_main_character.rel
                                          [ sprite_main_character ]
C:/Users/BAYEK/AppData/Local/Temp/_gbsbuild/obj/sprite_navio_portugues_inve_tileset.rel
                                          [ sprite_navio_portugues_inve_tile ]
C:/Users/BAYEK/AppData/Local/Temp/_gbsbuild/obj/sprite_navio_portugues_inve.rel
                                          [ sprite_navio_portugues_inve ]
C:/Users/BAYEK/AppData/Local/Temp/_gbsbuild/obj/sprite_navio_portugues_tileset.rel
                                          [ sprite_navio_portugues_tileset ]
C:/Users/BAYEK/AppData/Local/Temp/_gbsbuild/obj/sprite_navio_portugues.rel
                                          [ sprite_navio_portugues ]
C:/Users/BAYEK/AppData/Local/Temp/_gbsbuild/obj/sprite_ninja_tileset.rel
                                          [ sprite_ninja_tileset ]
C:/Users/BAYEK/AppData/Local/Temp/_gbsbuild/obj/sprite_ninja.rel
                                          [ sprite_ninja ]
C:/Users/BAYEK/AppData/Local/Temp/_gbsbuild/obj/sprite_pirata1_tileset.rel
                                          [ sprite_pirata1_tileset ]
C:/Users/BAYEK/AppData/Local/Temp/_gbsbuild/obj/sprite_pirata1.rel
                                          [ sprite_pirata1 ]
C:/Users/BAYEK/AppData/Local/Temp/_gbsbuild/obj/sprite_pirata2_tileset.rel
                                          [ sprite_pirata2_tileset ]
C:/Users/BAYEK/AppData/Local/Temp/_gbsbuild/obj/sprite_pirata2.rel
                                          [ sprite_pirata2 ]
C:/Users/BAYEK/AppData/Local/Temp/_gbsbuild/obj/sprite_samurai_tileset.rel
                                          [ sprite_samurai_tileset ]
C:/Users/BAYEK/AppData/Local/Temp/_gbsbuild/obj/sprite_samurai.rel
                                          [ sprite_samurai ]
C:/Users/BAYEK/AppData/Local/Temp/_gbsbuild/obj/sprite_samurai1_tileset.rel
                                          [ sprite_samurai1_tileset ]
C:/Users/BAYEK/AppData/Local/Temp/_gbsbuild/obj/sprite_samurai1.rel
                                          [ sprite_samurai1 ]
C:/Users/BAYEK/AppData/Local/Temp/_gbsbuild/obj/sprite_skull_tileset.rel
                                          [ sprite_skull_tileset ]
C:/Users/BAYEK/AppData/Local/Temp/_gbsbuild/obj/sprite_skull.rel
                                          [ sprite_skull ]
C:/Users/BAYEK/AppData/Local/Temp/_gbsbuild/obj/sprite_slash_placeholder_tileset.rel
                                          [ sprite_slash_placeholder_tileset ]
C:/Users/BAYEK/AppData/Local/Temp/_gbsbuild/obj/sprite_slash_placeholder.rel
                                          [ sprite_slash_placeholder ]
C:/Users/BAYEK/AppData/Local/Temp/_gbsbuild/obj/sprite_sprite_level_23_cris_tileset.rel
                                          [ sprite_sprite_level_23_cris_tile ]
C:/Users/BAYEK/AppData/Local/Temp/_gbsbuild/obj/sprite_sprite_level_23_cris.rel
                                          [ sprite_sprite_level_23_cris ]
C:/Users/BAYEK/AppData/Local/Temp/_gbsbuild/obj/sprite_sprite_level_4_ninja_tileset.rel
                                          [ sprite_sprite_level_4_ninja_tile ]
C:/Users/BAYEK/AppData/Local/Temp/_gbsbuild/obj/sprite_sprite_level_4_ninja.rel
                                          [ sprite_sprite_level_4_ninja ]
C:/Users/BAYEK/AppData/Local/Temp/_gbsbuild/obj/sprite_sprite_level_cris_0_tileset.rel
                                          [ sprite_sprite_level_cris_0_tiles ]
C:/Users/BAYEK/AppData/Local/Temp/_gbsbuild/obj/sprite_sprite_level_cris_0.rel
                                          [ sprite_sprite_level_cris_0 ]
C:/Users/BAYEK/AppData/Local/Temp/_gbsbuild/obj/sprite_static_tileset.rel
                                          [ sprite_static_tileset ]
C:/Users/BAYEK/AppData/Local/Temp/_gbsbuild/obj/sprite_static.rel
                                          [ sprite_static ]
C:/Users/BAYEK/AppData/Local/Temp/_gbsbuild/obj/sprite_tradutor_tileset.rel
                                          [ sprite_tradutor_tileset ]
C:/Users/BAYEK/AppData/Local/Temp/_gbsbuild/obj/sprite_tradutor.rel
                                          [ sprite_tradutor ]
C:/Users/BAYEK/AppData/Local/Temp/_gbsbuild/obj/sprite_tripulante1_tileset.rel
                                          [ sprite_tripulante1_tileset ]
C:/Users/BAYEK/AppData/Local/Temp/_gbsbuild/obj/sprite_tripulante1.rel
                                          [ sprite_tripulante1 ]
C:/Users/BAYEK/AppData/Local/Temp/_gbsbuild/obj/sprite_tripulante2_tileset.rel
                                          [ sprite_tripulante2_tileset ]
C:/Users/BAYEK/AppData/Local/Temp/_gbsbuild/obj/sprite_tripulante2.rel
                                          [ sprite_tripulante2 ]
C:/Users/BAYEK/AppData/Local/Temp/_gbsbuild/obj/sprite_yipper_tileset.rel
                                          [ sprite_yipper_tileset ]
C:/Users/BAYEK/AppData/Local/Temp/_gbsbuild/obj/sprite_yipper.rel
                                          [ sprite_yipper ]
C:/Users/BAYEK/AppData/Local/Temp/_gbsbuild/obj/spritesheet_none.rel
                                          [ spritesheet_none ]
C:/Users/BAYEK/AppData/Local/Temp/_gbsbuild/obj/trigger_0_interact.rel
                                          [ trigger_0_interact ]
C:/Users/BAYEK/AppData/Local/Temp/_gbsbuild/obj/trigger_1_interact.rel
                                          [ trigger_1_interact ]
C:/Users/BAYEK/AppData/Local/Temp/_gbsbuild/obj/trigger_10_interact.rel
                                          [ trigger_10_interact ]
C:/Users/BAYEK/AppData/Local/Temp/_gbsbuild/obj/trigger_11_interact.rel
                                          [ trigger_11_interact ]
C:/Users/BAYEK/AppData/Local/Temp/_gbsbuild/obj/trigger_12_interact.rel
                                          [ trigger_12_interact ]
C:/Users/BAYEK/AppData/Local/Temp/_gbsbuild/obj/trigger_13_interact.rel
                                          [ trigger_13_interact ]
C:/Users/BAYEK/AppData/Local/Temp/_gbsbuild/obj/trigger_14_interact.rel
                                          [ trigger_14_interact ]
C:/Users/BAYEK/AppData/Local/Temp/_gbsbuild/obj/trigger_15_interact.rel
                                          [ trigger_15_interact ]
C:/Users/BAYEK/AppData/Local/Temp/_gbsbuild/obj/trigger_16_interact.rel
                                          [ trigger_16_interact ]
C:/Users/BAYEK/AppData/Local/Temp/_gbsbuild/obj/trigger_17_interact.rel
                                          [ trigger_17_interact ]
C:/Users/BAYEK/AppData/Local/Temp/_gbsbuild/obj/trigger_18_interact.rel
                                          [ trigger_18_interact ]
C:/Users/BAYEK/AppData/Local/Temp/_gbsbuild/obj/trigger_19_interact.rel
                                          [ trigger_19_interact ]
C:/Users/BAYEK/AppData/Local/Temp/_gbsbuild/obj/trigger_2_interact.rel
                                          [ trigger_2_interact ]
C:/Users/BAYEK/AppData/Local/Temp/_gbsbuild/obj/trigger_20_interact.rel
                                          [ trigger_20_interact ]
C:/Users/BAYEK/AppData/Local/Temp/_gbsbuild/obj/trigger_21_interact.rel
                                          [ trigger_21_interact ]
C:/Users/BAYEK/AppData/Local/Temp/_gbsbuild/obj/trigger_22_interact.rel
                                          [ trigger_22_interact ]
C:/Users/BAYEK/AppData/Local/Temp/_gbsbuild/obj/trigger_23_interact.rel
                                          [ trigger_23_interact ]
C:/Users/BAYEK/AppData/Local/Temp/_gbsbuild/obj/trigger_24_interact.rel
                                          [ trigger_24_interact ]
C:/Users/BAYEK/AppData/Local/Temp/_gbsbuild/obj/trigger_25_interact.rel
                                          [ trigger_25_interact ]
C:/Users/BAYEK/AppData/Local/Temp/_gbsbuild/obj/trigger_26_interact.rel
                                          [ trigger_26_interact ]
C:/Users/BAYEK/AppData/Local/Temp/_gbsbuild/obj/trigger_27_interact.rel
                                          [ trigger_27_interact ]
C:/Users/BAYEK/AppData/Local/Temp/_gbsbuild/obj/trigger_28_interact.rel
                                          [ trigger_28_interact ]
C:/Users/BAYEK/AppData/Local/Temp/_gbsbuild/obj/trigger_29_interact.rel
                                          [ trigger_29_interact ]
C:/Users/BAYEK/AppData/Local/Temp/_gbsbuild/obj/trigger_3_interact.rel
                                          [ trigger_3_interact ]
C:/Users/BAYEK/AppData/Local/Temp/_gbsbuild/obj/trigger_30_interact.rel
                                          [ trigger_30_interact ]
C:/Users/BAYEK/AppData/Local/Temp/_gbsbuild/obj/trigger_31_interact.rel
                                          [ trigger_31_interact ]
C:/Users/BAYEK/AppData/Local/Temp/_gbsbuild/obj/trigger_32_interact.rel
                                          [ trigger_32_interact ]
C:/Users/BAYEK/AppData/Local/Temp/_gbsbuild/obj/trigger_33_interact.rel
                                          [ trigger_33_interact ]
C:/Users/BAYEK/AppData/Local/Temp/_gbsbuild/obj/trigger_34_interact.rel
                                          [ trigger_34_interact ]
C:/Users/BAYEK/AppData/Local/Temp/_gbsbuild/obj/trigger_35_interact.rel
                                          [ trigger_35_interact ]
C:/Users/BAYEK/AppData/Local/Temp/_gbsbuild/obj/trigger_36_interact.rel
                                          [ trigger_36_interact ]
C:/Users/BAYEK/AppData/Local/Temp/_gbsbuild/obj/trigger_37_interact.rel
                                          [ trigger_37_interact ]
C:/Users/BAYEK/AppData/Local/Temp/_gbsbuild/obj/trigger_38_interact.rel
                                          [ trigger_38_interact ]
C:/Users/BAYEK/AppData/Local/Temp/_gbsbuild/obj/trigger_39_interact.rel
                                          [ trigger_39_interact ]
C:/Users/BAYEK/AppData/Local/Temp/_gbsbuild/obj/trigger_4_interact.rel
                                          [ trigger_4_interact ]
C:/Users/BAYEK/AppData/Local/Temp/_gbsbuild/obj/trigger_40_interact.rel
                                          [ trigger_40_interact ]
C:/Users/BAYEK/AppData/Local/Temp/_gbsbuild/obj/trigger_41_interact.rel
                                          [ trigger_41_interact ]
C:/Users/BAYEK/AppData/Local/Temp/_gbsbuild/obj/trigger_42_interact.rel
                                          [ trigger_42_interact ]
C:/Users/BAYEK/AppData/Local/Temp/_gbsbuild/obj/trigger_43_interact.rel
                                          [ trigger_43_interact ]
C:/Users/BAYEK/AppData/Local/Temp/_gbsbuild/obj/trigger_44_interact.rel
                                          [ trigger_44_interact ]
C:/Users/BAYEK/AppData/Local/Temp/_gbsbuild/obj/trigger_45_interact.rel
                                          [ trigger_45_interact ]
C:/Users/BAYEK/AppData/Local/Temp/_gbsbuild/obj/trigger_46_interact.rel
                                          [ trigger_46_interact ]
C:/Users/BAYEK/AppData/Local/Temp/_gbsbuild/obj/trigger_47_interact.rel
                                          [ trigger_47_interact ]
C:/Users/BAYEK/AppData/Local/Temp/_gbsbuild/obj/trigger_48_interact.rel
                                          [ trigger_48_interact ]
C:/Users/BAYEK/AppData/Local/Temp/_gbsbuild/obj/trigger_49_interact.rel
                                          [ trigger_49_interact ]
C:/Users/BAYEK/AppData/Local/Temp/_gbsbuild/obj/trigger_5_interact.rel
                                          [ trigger_5_interact ]
C:/Users/BAYEK/AppData/Local/Temp/_gbsbuild/obj/trigger_50_interact.rel
                                          [ trigger_50_interact ]
C:/Users/BAYEK/AppData/Local/Temp/_gbsbuild/obj/trigger_51_interact.rel
                                          [ trigger_51_interact ]
C:/Users/BAYEK/AppData/Local/Temp/_gbsbuild/obj/trigger_52_interact.rel
                                          [ trigger_52_interact ]
C:/Users/BAYEK/AppData/Local/Temp/_gbsbuild/obj/trigger_54_interact.rel
                                          [ trigger_54_interact ]
C:/Users/BAYEK/AppData/Local/Temp/_gbsbuild/obj/trigger_55_interact.rel
                                          [ trigger_55_interact ]
C:/Users/BAYEK/AppData/Local/Temp/_gbsbuild/obj/trigger_56_interact.rel
                                          [ trigger_56_interact ]
C:/Users/BAYEK/AppData/Local/Temp/_gbsbuild/obj/trigger_57_interact.rel
                                          [ trigger_57_interact ]
C:/Users/BAYEK/AppData/Local/Temp/_gbsbuild/obj/trigger_58_interact.rel
                                          [ trigger_58_interact ]
C:/Users/BAYEK/AppData/Local/Temp/_gbsbuild/obj/trigger_59_interact.rel
                                          [ trigger_59_interact ]
C:/Users/BAYEK/AppData/Local/Temp/_gbsbuild/obj/trigger_6_interact.rel
                                          [ trigger_6_interact ]
C:/Users/BAYEK/AppData/Local/Temp/_gbsbuild/obj/trigger_60_interact.rel
                                          [ trigger_60_interact ]
C:/Users/BAYEK/AppData/Local/Temp/_gbsbuild/obj/trigger_61_interact.rel
                                          [ trigger_61_interact ]
C:/Users/BAYEK/AppData/Local/Temp/_gbsbuild/obj/trigger_63_interact.rel
                                          [ trigger_63_interact ]
C:/Users/BAYEK/AppData/Local/Temp/_gbsbuild/obj/trigger_64_interact.rel
                                          [ trigger_64_interact ]
C:/Users/BAYEK/AppData/Local/Temp/_gbsbuild/obj/trigger_65_interact.rel
                                          [ trigger_65_interact ]
C:/Users/BAYEK/AppData/Local/Temp/_gbsbuild/obj/trigger_66_interact.rel
                                          [ trigger_66_interact ]
C:/Users/BAYEK/AppData/Local/Temp/_gbsbuild/obj/trigger_67_interact.rel
                                          [ trigger_67_interact ]
C:/Users/BAYEK/AppData/Local/Temp/_gbsbuild/obj/trigger_68_interact.rel
                                          [ trigger_68_interact ]
C:/Users/BAYEK/AppData/Local/Temp/_gbsbuild/obj/trigger_7_interact.rel
                                          [ trigger_7_interact ]
C:/Users/BAYEK/AppData/Local/Temp/_gbsbuild/obj/trigger_70_interact.rel
                                          [ trigger_70_interact ]
C:/Users/BAYEK/AppData/Local/Temp/_gbsbuild/obj/trigger_71_interact.rel
                                          [ trigger_71_interact ]
C:/Users/BAYEK/AppData/Local/Temp/_gbsbuild/obj/trigger_72_interact.rel
                                          [ trigger_72_interact ]
C:/Users/BAYEK/AppData/Local/Temp/_gbsbuild/obj/trigger_73_interact.rel
                                          [ trigger_73_interact ]
C:/Users/BAYEK/AppData/Local/Temp/_gbsbuild/obj/trigger_8_interact.rel
                                          [ trigger_8_interact ]
C:/Users/BAYEK/AppData/Local/Temp/_gbsbuild/obj/trigger_9_interact.rel
                                          [ trigger_9_interact ]
C:/Users/BAYEK/AppData/Local/Temp/_gbsbuild/obj/main.rel
                                          [ main ]
C:/Users/BAYEK/AppData/Local/Temp/_gbsbuild/obj/adventure.rel
                                          [ adventure ]
C:/Users/BAYEK/AppData/Local/Temp/_gbsbuild/obj/logo.rel
                                          [ logo ]
C:/Users/BAYEK/AppData/Local/Temp/_gbsbuild/obj/platform.rel
                                          [ platform ]
C:/Users/BAYEK/AppData/Local/Temp/_gbsbuild/obj/pointnclick.rel
                                          [ pointnclick ]
C:/Users/BAYEK/AppData/Local/Temp/_gbsbuild/obj/shmup.rel
                                          [ shmup ]
C:/Users/BAYEK/AppData/Local/Temp/_gbsbuild/obj/states_ptrs.rel
                                          [  ]
C:/Users/BAYEK/AppData/Local/Temp/_gbsbuild/obj/topdown.rel
                                          [ topdown ]


Libraries Linked                          [ object file ]

C:\Users\BAYEK\AppData\Local\Temp/_gbstools/gbdk/lib/gb/gb.lib
                                          [ fill_rect_wi.o ]
C:\Users\BAYEK\AppData\Local\Temp/_gbstools/gbdk/lib/sm83/sm83.lib
                                          [ rand.o ]
lib/hUGEDriver.lib                        [ hUGEDriver.o ]
C:\Users\BAYEK\AppData\Local\Temp/_gbstools/gbdk/lib/gb/gb.lib
                                          [ sfr.o ]
C:\Users\BAYEK\AppData\Local\Temp/_gbstools/gbdk/lib/gb/gb.lib
                                          [ get_data.o ]
C:\Users\BAYEK\AppData\Local\Temp/_gbstools/gbdk/lib/gb/gb.lib
                                          [ get_tile.o ]
C:\Users\BAYEK\AppData\Local\Temp/_gbstools/gbdk/lib/gb/gb.lib
                                          [ metasprites_hide_spr.o ]
C:\Users\BAYEK\AppData\Local\Temp/_gbstools/gbdk/lib/sm83/sm83.lib
                                          [ mul.o ]
C:\Users\BAYEK\AppData\Local\Temp/_gbstools/gbdk/lib/gb/gb.lib
                                          [ set_tile.o ]
C:\Users\BAYEK\AppData\Local\Temp/_gbstools/gbdk/lib/sm83/sm83.lib
                                          [ abs.o ]
C:\Users\BAYEK\AppData\Local\Temp/_gbstools/gbdk/lib/gb/gb.lib
                                          [ set_wi_t.o ]
C:\Users\BAYEK\AppData\Local\Temp/_gbstools/gbdk/lib/gb/gb.lib
                                          [ set_data.o ]
C:\Users\BAYEK\AppData\Local\Temp/_gbstools/gbdk/lib/sm83/sm83.lib
                                          [ reverse.o ]
C:\Users\BAYEK\AppData\Local\Temp/_gbstools/gbdk/lib/gb/gb.lib
                                          [ far_ptr.o ]
C:\Users\BAYEK\AppData\Local\Temp/_gbstools/gbdk/lib/gb/gb.lib
                                          [ sgb.o ]
C:\Users\BAYEK\AppData\Local\Temp/_gbstools/gbdk/lib/gb/gb.lib
                                          [ lcd.o ]
C:\Users\BAYEK\AppData\Local\Temp/_gbstools/gbdk/lib/gb/gb.lib
                                          [ fill_rect.o ]
C:\Users\BAYEK\AppData\Local\Temp/_gbstools/gbdk/lib/gb/gb.lib
                                          [ cpy_data.o ]
C:\Users\BAYEK\AppData\Local\Temp/_gbstools/gbdk/lib/gb/gb.lib
                                          [ fill_rect_bk.o ]
C:\Users\BAYEK\AppData\Local\Temp/_gbstools/gbdk/lib/gb/gb.lib
                                          [ pad.o ]
C:\Users\BAYEK\AppData\Local\Temp/_gbstools/gbdk/lib/gb/gb.lib
                                          [ metasprites.o ]
C:\Users\BAYEK\AppData\Local\Temp/_gbstools/gbdk/lib/sm83/sm83.lib
                                          [ __sdcc_call_hl.o ]
C:\Users\BAYEK\AppData\Local\Temp/_gbstools/gbdk/lib/sm83/sm83.lib
                                          [ memcpy.o ]
C:\Users\BAYEK\AppData\Local\Temp/_gbstools/gbdk/lib/sm83/sm83.lib
                                          [ _memset.o ]
C:\Users\BAYEK\AppData\Local\Temp/_gbstools/gbdk/lib/gb/gb.lib
                                          [ set_xy_t.o ]
C:\Users\BAYEK\AppData\Local\Temp/_gbstools/gbdk/lib/gb/gb.lib
                                          [ ___sdcc_bcall_ehl.o ]
C:\Users\BAYEK\AppData\Local\Temp/_gbstools/gbdk/lib/sm83/sm83.lib
                                          [ div.o ]
C:\Users\BAYEK\AppData\Local\Temp/_gbstools/gbdk/lib/gb/gb.lib
                                          [ set_bk_t.o ]

ASxxxx Linker V03.00/V05.40 + sdld,  page 144.

User Base Address Definitions

_DATA=0xC0A0
_CODE=0x0200
ASxxxx Linker V03.00/V05.40 + sdld,  page 145.

User Global Definitions

.STACK=0xDF00
_shadow_OAM=0xC000
.refresh_OAM=0xFF80
__start_save=28

