ASxxxx Linker V03.00/V05.40 + sdld,  page 1.
Hexadecimal  [32-Bits]

Area                                    Addr        Size        Decimal Bytes (Attributes)
--------------------------------        ----        ----        ------- ----- ------------
.  .ABS.                            00000000    00000000 =           0. bytes (ABS,CON)

      Value  Global                              Global Defined In Module
      -----  --------------------------------   ------------------------
     00000000  .__.ABS.                           
     00000000  _rRAMG                             
     00000000  l__BASE                         
     00000000  l__BSS                          
     00000000  l__CABS                         
     00000000  l__CODE_0                       
     00000000  l__CRASH_HEADER                 
     00000000  l__CRASH_SCRATCH                
     00000000  l__DABS                         
     00000000  l__HEADER                       
     00000000  l__HEADER_LCD                   
     00000000  l__HEADER_SIO                   
     00000000  l__HEADER_TIMER                 
     00000000  l__HEAP                         
     00000000  l__HEAP_END                     
     00000000  l__HRAM                         
     00000000  l__LIT                          
     00000000  s__CABS                         
     00000000  s__CRASH_HEADER                 
     00000000  s__CRASH_HEADER0                
     00000000  s__CRASH_HEADER1                
     00000000  s__CRASH_SCRATCH                
     00000000  s__CRASH_SCRATCH2               
     00000000  s__DABS                         
     00000000  s__HEADER                       
     00000000  s__HEADER0                      
     00000000  s__HEADER1                      
     00000000  s__HEADER10                     
     00000000  s__HEADER11                     
     00000000  s__HEADER2                      
     00000000  s__HEADER3                      
     00000000  s__HEADER4                      
     00000000  s__HEADER5                      
     00000000  s__HEADER6                      
     00000000  s__HEADER7                      
     00000000  s__HEADER8                      
     00000000  s__HEADER9                      
     00000000  s__HEADER_LCD                   
     00000000  s__HEADER_LCD0                  
     00000000  s__HEADER_SIO                   
     00000000  s__HEADER_SIO0                  
     00000000  s__HEADER_TIMER                 
     00000000  s__HEADER_TIMER0                
     00000000  s__HEADERa                      
     00000000  s__HEADERb                      
     00000000  s__HEADERc                      
     00000000  s__HEADERd                      
     00000000  s__HEADERe                      
     00000000  s__HEADERf                      
     00000000  s__HRAM                         
ASxxxx Linker V03.00/V05.40 + sdld,  page 2.
Hexadecimal  [32-Bits]

Area                                    Addr        Size        Decimal Bytes (Attributes)
--------------------------------        ----        ----        ------- ----- ------------
.  .ABS.                            00000000    00000000 =           0. bytes (ABS,CON)

      Value  Global                              Global Defined In Module
      -----  --------------------------------   ------------------------
     00000000  s__HRAM12                       
     00000001  ___bank_VM_SGB                     vm_sgb
     00000001  ___bank_bg_title_screen_tileset    bg_title_screen_tileset
     00000001  ___bank_sprite_navio_portugues_i   sprite_navio_portugues_inve_
     00000001  ___mute_mask_sound_legacy_0        sound_legacy_0
     00000001  ___mute_mask_sound_legacy_1        sound_legacy_1
     00000001  ___mute_mask_sound_legacy_2        sound_legacy_2
     00000001  b_platform_init                    platform
     00000001  b_platform_update                  platform
     00000001  b_shmup_init                       shmup
     00000001  b_shmup_update                     shmup
     00000001  b_ui_draw_frame                    ui
     00000001  b_ui_draw_text_buffer_char         ui
     00000001  b_ui_init                          ui
     00000001  b_ui_load_tiles                    ui
     00000001  b_ui_run_menu                      ui
     00000001  b_ui_run_modal                     ui
     00000001  b_ui_set_start_tile                ui
     00000001  l__GSFINAL                      
     00000001  l__HEADER0                      
     00000001  l__HEADER5                      
     00000001  l__HEADERa                      
     00000001  l__HEADERb                      
     00000001  l__HEADERc                      
     00000001  l__HEADERe                      
     00000001  l__HEADERf                      
     00000002  ___bank_ACTOR                      actor
     00000002  ___bank_VM_ACTOR                   vm_actor
     00000002  ___bank_VM_MAIN                    vm
     00000002  ___bank_actor_4_update             actor_4_update
     00000002  ___bank_scene_12_sprites           scene_12_sprites
     00000002  ___bank_script_2                   script_2
     00000002  b_activate_actor                   actor
     00000002  b_activate_actors_in_col           actor
     00000002  b_activate_actors_in_row           actor
     00000002  b_actor_at_tile                    actor
     00000002  b_actor_get_frame_offset           actor
     00000002  b_actor_in_front_of_player         actor
     00000002  b_actor_overlapping_bb             actor
     00000002  b_actor_overlapping_player         actor
     00000002  b_actor_set_anim_idle              actor
     00000002  b_actor_set_anim_moving            actor
     00000002  b_actor_set_dir                    actor
     00000002  b_actor_set_frame_offset           actor
     00000002  b_actor_set_frames                 actor
     00000002  b_actors_handle_player_collision   actor
     00000002  b_actors_init                      actor
     00000002  b_check_collision_in_direction     actor
     00000002  b_deactivate_actor                 actor
     00000002  b_player_init                      actor
     00000002  b_script_detach_hthread            vm
ASxxxx Linker V03.00/V05.40 + sdld,  page 3.
Hexadecimal  [32-Bits]

Area                                    Addr        Size        Decimal Bytes (Attributes)
--------------------------------        ----        ----        ------- ----- ------------
.  .ABS.                            00000000    00000000 =           0. bytes (ABS,CON)

      Value  Global                              Global Defined In Module
      -----  --------------------------------   ------------------------
     00000002  b_script_execute                   vm
     00000002  b_script_runner_init               vm
     00000002  b_script_terminate                 vm
     00000002  b_vm_actor_activate                vm_actor
     00000002  b_vm_actor_begin_update            vm_actor
     00000002  b_vm_actor_deactivate              vm_actor
     00000002  b_vm_actor_emote                   vm_actor
     00000002  b_vm_actor_get_angle               vm_actor
     00000002  b_vm_actor_get_anim_frame          vm_actor
     00000002  b_vm_actor_get_dir                 vm_actor
     00000002  b_vm_actor_get_pos                 vm_actor
     00000002  b_vm_actor_move_cancel             vm_actor
     00000002  b_vm_actor_move_to                 vm_actor
     00000002  b_vm_actor_replace_tile            vm_actor
     00000002  b_vm_actor_set_anim                vm_actor
     00000002  b_vm_actor_set_anim_frame          vm_actor
     00000002  b_vm_actor_set_anim_set            vm_actor
     00000002  b_vm_actor_set_anim_tick           vm_actor
     00000002  b_vm_actor_set_bounds              vm_actor
     00000002  b_vm_actor_set_dir                 vm_actor
     00000002  b_vm_actor_set_flags               vm_actor
     00000002  b_vm_actor_set_move_speed          vm_actor
     00000002  b_vm_actor_set_pos                 vm_actor
     00000002  b_vm_actor_set_spritesheet         vm_actor
     00000002  b_vm_actor_set_spritesheet_by_re   vm_actor
     00000002  b_vm_actor_terminate_update        vm_actor
     00000002  b_vm_call                          vm
     00000002  b_vm_call_far                      vm
     00000002  b_vm_get_indirect                  vm
     00000002  b_vm_get_int16                     vm
     00000002  b_vm_get_int8                      vm
     00000002  b_vm_get_tlocal                    vm
     00000002  b_vm_get_uint8                     vm
     00000002  b_vm_idle                          vm
     00000002  b_vm_if                            vm
     00000002  b_vm_if_const                      vm
     00000002  b_vm_init_rng                      vm
     00000002  b_vm_invoke                        vm
     00000002  b_vm_join                          vm
     00000002  b_vm_jump                          vm
     00000002  b_vm_lock                          vm
     00000002  b_vm_loop                          vm
     00000002  b_vm_memcpy                        vm
     00000002  b_vm_memset                        vm
     00000002  b_vm_poll_loaded                   vm
     00000002  b_vm_pop                           vm
     00000002  b_vm_push                          vm
     00000002  b_vm_push_reference                vm
     00000002  b_vm_push_value                    vm
     00000002  b_vm_push_value_ind                vm
     00000002  b_vm_raise                         vm
ASxxxx Linker V03.00/V05.40 + sdld,  page 4.
Hexadecimal  [32-Bits]

Area                                    Addr        Size        Decimal Bytes (Attributes)
--------------------------------        ----        ----        ------- ----- ------------
.  .ABS.                            00000000    00000000 =           0. bytes (ABS,CON)

      Value  Global                              Global Defined In Module
      -----  --------------------------------   ------------------------
     00000002  b_vm_rand                          vm
     00000002  b_vm_reserve                       vm
     00000002  b_vm_ret                           vm
     00000002  b_vm_ret_far                       vm
     00000002  b_vm_set                           vm
     00000002  b_vm_set_const                     vm
     00000002  b_vm_set_const_int16               vm
     00000002  b_vm_set_const_int8                vm
     00000002  b_vm_set_indirect                  vm
     00000002  b_vm_set_int16                     vm
     00000002  b_vm_set_int8                      vm
     00000002  b_vm_set_uint8                     vm
     00000002  b_vm_terminate                     vm
     00000002  b_vm_test_terminate                vm
     00000002  b_vm_unlock                        vm
     00000002  b_wait_frames                      vm
     00000002  l__HEADER10                     
     00000002  l__HEADER6                      
     00000002  l__HEADERd                      
     00000003  ___bank_bg_cutscene_ingame_tiles   bg_cutscene_ingame_tileset
     00000003  ___bank_bg_grassfield_tilemap      bg_grassfield_tilemap
     00000003  ___bank_bg_skeleton_back_tilemap   bg_skeleton_back_tilemap
     00000003  ___bank_font_gbs_mono              font_gbs_mono
     00000003  ___bank_scene_12_init              scene_12_init
     00000003  ___bank_scene_27_collisions        scene_27_collisions
     00000003  ___bank_scene_7_collisions         scene_7_collisions
     00000003  l__HEADER9                      
     00000003  l__HEADER_LCD0                  
     00000003  l__HRAM12                       
     00000004  ___bank_bg_inventory_chief_tiles   bg_inventory_chief_tileset
     00000004  ___bank_bg_inventory_samurai_til   bg_inventory_samurai_tileset
     00000004  ___bank_bg_vila_2_tileset          bg_vila_2_tileset
     00000004  ___bank_palette_0                  palette_0
     00000004  b_adventure_init                   adventure
     00000004  b_adventure_update                 adventure
     00000004  b_do_load_palette                  data_manager
     00000004  b_load_background                  data_manager
     00000004  b_load_bkg_tileset                 data_manager
     00000004  b_load_bounds                      data_manager
     00000004  b_load_emote                       data_manager
     00000004  b_load_init                        data_manager
     00000004  b_load_player                      data_manager
     00000004  b_load_scene                       data_manager
     00000004  b_load_sprite                      data_manager
     00000004  b_projectile_launch                projectiles
     00000004  b_projectiles_init                 projectiles
     00000004  b_scroll_init                      scroll
     00000004  b_scroll_repaint                   scroll
     00000004  b_scroll_reset                     scroll
     00000004  b_scroll_update                    scroll
     00000004  b_topdown_init                     topdown
ASxxxx Linker V03.00/V05.40 + sdld,  page 5.
Hexadecimal  [32-Bits]

Area                                    Addr        Size        Decimal Bytes (Attributes)
--------------------------------        ----        ----        ------- ----- ------------
.  .ABS.                            00000000    00000000 =           0. bytes (ABS,CON)

      Value  Global                              Global Defined In Module
      -----  --------------------------------   ------------------------
     00000004  b_topdown_update                   topdown
     00000004  l__CRASH_HEADER1                
     00000004  l__HEADER_SIO0                  
     00000004  l__HEADER_TIMER0                
     00000005  ___bank_VM_GAMEBOY                 vm_gameboy
     00000005  ___bank_VM_UI                      vm_ui
     00000005  ___bank_bg_chief_entrance_tilese   bg_chief_entrance_tileset
     00000005  ___bank_bg_diningroom_tileset      bg_diningroom_tileset
     00000005  ___bank_bg_docas_tileset           bg_docas_tileset
     00000005  ___bank_bg_vila_1_tileset          bg_vila_1_tileset
     00000005  ___bank_bg_vila_2_tilemap          bg_vila_2_tilemap
     00000005  ___bank_scene_12_collisions        scene_12_collisions
     00000005  ___bank_scene_15_init              scene_15_init
     00000005  ___bank_scene_16_collisions        scene_16_collisions
     00000005  b___HandleCrash_banked             
     00000005  b_core_reset                       core
     00000005  b_core_run                         core
     00000005  b_data_clear                       load_save
     00000005  b_data_init                        load_save
     00000005  b_data_load                        load_save
     00000005  b_data_peek                        load_save
     00000005  b_data_save                        load_save
     00000005  b_gbprinter_detect                 gbprinter
     00000005  b_gbprinter_print_overlay          gbprinter
     00000005  b_pointnclick_init                 pointnclick
     00000005  b_pointnclick_update               pointnclick
     00000005  b_trigger_activate_at              trigger
     00000005  b_trigger_activate_at_intersecti   trigger
     00000005  b_trigger_at_intersection          trigger
     00000005  b_trigger_at_tile                  trigger
     00000005  b_trigger_interact                 trigger
     00000005  b_trigger_reset                    trigger
     00000005  b_vm_choice                        vm_ui
     00000005  b_vm_context_prepare               vm_gameboy
     00000005  b_vm_display_text                  vm_ui
     00000005  b_vm_fade                          vm_gameboy
     00000005  b_vm_get_tile_xy                   vm_gameboy
     00000005  b_vm_input_attach                  vm_gameboy
     00000005  b_vm_input_detach                  vm_gameboy
     00000005  b_vm_input_get                     vm_gameboy
     00000005  b_vm_input_wait                    vm_gameboy
     00000005  b_vm_load_tiles                    vm_gameboy
     00000005  b_vm_load_tileset                  vm_gameboy
     00000005  b_vm_overlay_clear                 vm_ui
     00000005  b_vm_overlay_move_to               vm_ui
     00000005  b_vm_overlay_scroll                vm_ui
     00000005  b_vm_overlay_set_map               vm_ui
     00000005  b_vm_overlay_set_scroll            vm_ui
     00000005  b_vm_overlay_set_submap            vm_ui
     00000005  b_vm_overlay_set_submap_ex         vm_ui
     00000005  b_vm_overlay_setpos                vm_ui
ASxxxx Linker V03.00/V05.40 + sdld,  page 6.
Hexadecimal  [32-Bits]

Area                                    Addr        Size        Decimal Bytes (Attributes)
--------------------------------        ----        ----        ------- ----- ------------
.  .ABS.                            00000000    00000000 =           0. bytes (ABS,CON)

      Value  Global                              Global Defined In Module
      -----  --------------------------------   ------------------------
     00000005  b_vm_overlay_show                  vm_ui
     00000005  b_vm_overlay_wait                  vm_ui
     00000005  b_vm_poll                          vm_gameboy
     00000005  b_vm_replace_tile                  vm_gameboy
     00000005  b_vm_replace_tile_xy               vm_gameboy
     00000005  b_vm_rumble                        vm_gameboy
     00000005  b_vm_set_font                      vm_ui
     00000005  b_vm_set_sprite_mode               vm_gameboy
     00000005  b_vm_set_sprites_visible           vm_gameboy
     00000005  b_vm_set_text_sound                vm_ui
     00000005  b_vm_switch_text_layer             vm_ui
     00000005  b_vm_timer_prepare                 vm_gameboy
     00000005  b_vm_timer_reset                   vm_gameboy
     00000005  b_vm_timer_set                     vm_gameboy
     00000005  b_vm_timer_stop                    vm_gameboy
     00000005  l__CRASH_HEADER0                
     00000005  l__HEADER1                      
     00000006  ___bank_VM_CAMERA                  vm_camera
     00000006  ___bank_VM_SIO                     vm_sio
     00000006  ___bank_actor_12_interact          actor_12_interact
     00000006  ___bank_actor_14_interact          actor_14_interact
     00000006  ___bank_bg_beco_tilemap            bg_beco_tilemap
     00000006  ___bank_bg_beco_tileset            bg_beco_tileset
     00000006  ___bank_bg_docas_tilemap           bg_docas_tilemap
     00000006  ___bank_bg_skeleton_back_tileset   bg_skeleton_back_tileset
     00000006  ___bank_bg_vila_1_tilemap          bg_vila_1_tilemap
     00000006  ___bank_scene_10_init              scene_10_init
     00000006  ___bank_scene_13_init              scene_13_init
     00000006  ___bank_scene_14_collisions        scene_14_collisions
     00000006  ___bank_scene_17_collisions        scene_17_collisions
     00000006  ___bank_scene_18_collisions        scene_18_collisions
     00000006  ___bank_scene_19_collisions        scene_19_collisions
     00000006  ___bank_scene_24_collisions        scene_24_collisions
     00000006  ___bank_scene_24_sprites           scene_24_sprites
     00000006  ___bank_scene_25_collisions        scene_25_collisions
     00000006  ___bank_scene_6_collisions         scene_6_collisions
     00000006  ___bank_sprite_chefe_vila_tilese   sprite_chefe_vila_tileset
     00000006  ___bank_sprite_main_character_ti   sprite_main_character_tilese
     00000006  ___bank_sprite_ninja_tileset       sprite_ninja_tileset
     00000006  ___bank_sprite_pirata2_tileset     sprite_pirata2_tileset
     00000006  ___bank_sprite_samurai_tileset     sprite_samurai_tileset
     00000006  ___bank_sprite_tradutor_tileset    sprite_tradutor_tileset
     00000006  b_atan2                            math_atan2
     00000006  b_camera_shake_frames              vm_camera
     00000006  b_set_sgb_border                   sgb_border
     00000006  b_vm_camera_move_to                vm_camera
     00000006  b_vm_camera_set_pos                vm_camera
     00000006  b_vm_sio_exchange                  vm_sio
     00000006  b_vm_sio_set_mode                  vm_sio
     00000006  l__HEADER8                      
     00000007  ___bank_VM_MATH                    vm_math
ASxxxx Linker V03.00/V05.40 + sdld,  page 7.
Hexadecimal  [32-Bits]

Area                                    Addr        Size        Decimal Bytes (Attributes)
--------------------------------        ----        ----        ------- ----- ------------
.  .ABS.                            00000000    00000000 =           0. bytes (ABS,CON)

      Value  Global                              Global Defined In Module
      -----  --------------------------------   ------------------------
     00000007  ___bank_VM_MUSIC                   vm_music
     00000007  ___bank_VM_PALETTE                 vm_palette
     00000007  ___bank_actor_13_interact          actor_13_interact
     00000007  ___bank_actor_15_interact          actor_15_interact
     00000007  ___bank_actor_31_interact          actor_31_interact
     00000007  ___bank_actor_32_interact          actor_32_interact
     00000007  ___bank_actor_33_interact          actor_33_interact
     00000007  ___bank_actor_34_interact          actor_34_interact
     00000007  ___bank_actor_35_interact          actor_35_interact
     00000007  ___bank_actor_36_interact          actor_36_interact
     00000007  ___bank_actor_46_interact          actor_46_interact
     00000007  ___bank_bg_chief_entrance_tilema   bg_chief_entrance_tilemap
     00000007  ___bank_bg_cutscene_ingame_tilem   bg_cutscene_ingame_tilemap
     00000007  ___bank_bg_diningroom_tilemap      bg_diningroom_tilemap
     00000007  ___bank_bg_inventory_chief_tilem   bg_inventory_chief_tilemap
     00000007  ___bank_bg_inventory_samurai_til   bg_inventory_samurai_tilemap
     00000007  ___bank_bg_placeholder_tilemap     bg_placeholder_tilemap
     00000007  ___bank_bg_title_screen_tilemap    bg_title_screen_tilemap
     00000007  ___bank_scene_0_collisions         scene_0_collisions
     00000007  ___bank_scene_10_collisions        scene_10_collisions
     00000007  ___bank_scene_11_collisions        scene_11_collisions
     00000007  ___bank_scene_13_collisions        scene_13_collisions
     00000007  ___bank_scene_15_collisions        scene_15_collisions
     00000007  ___bank_scene_19_actors            scene_19_actors
     00000007  ___bank_scene_1_collisions         scene_1_collisions
     00000007  ___bank_scene_20_collisions        scene_20_collisions
     00000007  ___bank_scene_21_collisions        scene_21_collisions
     00000007  ___bank_scene_22_collisions        scene_22_collisions
     00000007  ___bank_scene_23_collisions        scene_23_collisions
     00000007  ___bank_scene_26_collisions        scene_26_collisions
     00000007  ___bank_scene_29_collisions        scene_29_collisions
     00000007  ___bank_scene_2_collisions         scene_2_collisions
     00000007  ___bank_scene_30_collisions        scene_30_collisions
     00000007  ___bank_scene_3_collisions         scene_3_collisions
     00000007  ___bank_scene_4_collisions         scene_4_collisions
     00000007  ___bank_scene_5_collisions         scene_5_collisions
     00000007  ___bank_scene_8_collisions         scene_8_collisions
     00000007  ___bank_scene_9_collisions         scene_9_collisions
     00000007  ___bank_sprite_actor_animated_ti   sprite_actor_animated_tilese
     00000007  ___bank_sprite_boat_life_bar_til   sprite_boat_life_bar_tileset
     00000007  ___bank_sprite_boat_life_reverse   sprite_boat_life_reverse_til
     00000007  ___bank_sprite_main_character      sprite_main_character
     00000007  ___bank_sprite_pirata1_tileset     sprite_pirata1_tileset
     00000007  ___bank_sprite_slash_placeholder   sprite_slash_placeholder_til
     00000007  b_fade_applypalettechange          fade_manager
     00000007  b_fade_in                          fade_manager
     00000007  b_fade_in_modal                    fade_manager
     00000007  b_fade_init                        fade_manager
     00000007  b_fade_out                         fade_manager
     00000007  b_fade_out_modal                   fade_manager
     00000007  b_fade_setspeed                    fade_manager
ASxxxx Linker V03.00/V05.40 + sdld,  page 8.
Hexadecimal  [32-Bits]

Area                                    Addr        Size        Decimal Bytes (Attributes)
--------------------------------        ----        ----        ------- ----- ------------
.  .ABS.                            00000000    00000000 =           0. bytes (ABS,CON)

      Value  Global                              Global Defined In Module
      -----  --------------------------------   ------------------------
     00000007  b_fade_update                      fade_manager
     00000007  b_scroll_rect                      
     00000007  b_vm_cos_scale                     vm_math
     00000007  b_vm_load_palette                  vm_palette
     00000007  b_vm_music_mute                    vm_music
     00000007  b_vm_music_play                    vm_music
     00000007  b_vm_music_routine                 vm_music
     00000007  b_vm_music_setpos                  vm_music
     00000007  b_vm_music_stop                    vm_music
     00000007  b_vm_sfx_play                      vm_music
     00000007  b_vm_sin_scale                     vm_math
     00000007  b_vm_sound_mastervol               vm_music
     00000007  l__HEADER2                      
     00000008  ___bank_VM_GBPRINTER               vm_gbprinter
     00000008  ___bank_VM_LOAD_SAVE               vm_load_save
     00000008  ___bank_VM_PROJECTILE              vm_projectiles
     00000008  ___bank_VM_RTC                     vm_rtc
     00000008  ___bank_VM_SCENE                   vm_scene
     00000008  ___bank_actor_13_update            actor_13_update
     00000008  ___bank_actor_14_update            actor_14_update
     00000008  ___bank_actor_18_update            actor_18_update
     00000008  ___bank_actor_19_update            actor_19_update
     00000008  ___bank_actor_20_update            actor_20_update
     00000008  ___bank_actor_21_update            actor_21_update
     00000008  ___bank_actor_22_update            actor_22_update
     00000008  ___bank_actor_23_update            actor_23_update
     00000008  ___bank_actor_27_update            actor_27_update
     00000008  ___bank_actor_29_update            actor_29_update
     00000008  ___bank_actor_30_update            actor_30_update
     00000008  ___bank_actor_37_interact          actor_37_interact
     00000008  ___bank_actor_37_update            actor_37_update
     00000008  ___bank_actor_38_update            actor_38_update
     00000008  ___bank_actor_39_update            actor_39_update
     00000008  ___bank_actor_43_update            actor_43_update
     00000008  ___bank_actor_45_update            actor_45_update
     00000008  ___bank_actor_52_interact          actor_52_interact
     00000008  ___bank_actor_9_update             actor_9_update
     00000008  ___bank_frame_image                frame_image
     00000008  ___bank_scene_11_init              scene_11_init
     00000008  ___bank_scene_12_actors            scene_12_actors
     00000008  ___bank_scene_14_actors            scene_14_actors
     00000008  ___bank_scene_14_init              scene_14_init
     00000008  ___bank_scene_16_init              scene_16_init
     00000008  ___bank_scene_17_init              scene_17_init
     00000008  ___bank_scene_19_init              scene_19_init
     00000008  ___bank_scene_20_actors            scene_20_actors
     00000008  ___bank_scene_20_init              scene_20_init
     00000008  ___bank_scene_21_actors            scene_21_actors
     00000008  ___bank_scene_21_init              scene_21_init
     00000008  ___bank_scene_22_actors            scene_22_actors
     00000008  ___bank_scene_23_init              scene_23_init
ASxxxx Linker V03.00/V05.40 + sdld,  page 9.
Hexadecimal  [32-Bits]

Area                                    Addr        Size        Decimal Bytes (Attributes)
--------------------------------        ----        ----        ------- ----- ------------
.  .ABS.                            00000000    00000000 =           0. bytes (ABS,CON)

      Value  Global                              Global Defined In Module
      -----  --------------------------------   ------------------------
     00000008  ___bank_scene_24_actors            scene_24_actors
     00000008  ___bank_scene_24_p_hit1            scene_24_p_hit1
     00000008  ___bank_scene_25_actors            scene_25_actors
     00000008  ___bank_scene_26_init              scene_26_init
     00000008  ___bank_scene_27_actors            scene_27_actors
     00000008  ___bank_scene_27_init              scene_27_init
     00000008  ___bank_scene_27_triggers          scene_27_triggers
     00000008  ___bank_scene_29_actors            scene_29_actors
     00000008  ___bank_scene_6_actors             scene_6_actors
     00000008  ___bank_scene_6_init               scene_6_init
     00000008  ___bank_scene_7_actors             scene_7_actors
     00000008  ___bank_scene_7_triggers           scene_7_triggers
     00000008  ___bank_script_3                   script_3
     00000008  ___bank_script_6                   script_6
     00000008  ___bank_sprite_actor               sprite_actor
     00000008  ___bank_sprite_actor_animated      sprite_actor_animated
     00000008  ___bank_sprite_actor_tileset       sprite_actor_tileset
     00000008  ___bank_sprite_boat_life_bar       sprite_boat_life_bar
     00000008  ___bank_sprite_boat_life_reverse   sprite_boat_life_reverse
     00000008  ___bank_sprite_chefe_vila          sprite_chefe_vila
     00000008  ___bank_sprite_cristao             sprite_cristao
     00000008  ___bank_sprite_cristao_tileset     sprite_cristao_tileset
     00000008  ___bank_sprite_navio_portugues_t   sprite_navio_portugues_tiles
     00000008  ___bank_sprite_ninja               sprite_ninja
     00000008  ___bank_sprite_pirata1             sprite_pirata1
     00000008  ___bank_sprite_pirata2             sprite_pirata2
     00000008  ___bank_sprite_samurai             sprite_samurai
     00000008  ___bank_sprite_slash_placeholder   sprite_slash_placeholder
     00000008  ___bank_sprite_tradutor            sprite_tradutor
     00000008  ___bank_sprite_tripulante1_tiles   sprite_tripulante1_tileset
     00000008  ___bank_sprite_tripulante2_tiles   sprite_tripulante2_tileset
     00000008  ___bank_trigger_10_interact        trigger_10_interact
     00000008  ___bank_trigger_11_interact        trigger_11_interact
     00000008  ___bank_trigger_12_interact        trigger_12_interact
     00000008  ___bank_trigger_13_interact        trigger_13_interact
     00000008  ___bank_trigger_14_interact        trigger_14_interact
     00000008  ___bank_trigger_27_interact        trigger_27_interact
     00000008  ___bank_trigger_29_interact        trigger_29_interact
     00000008  ___bank_trigger_2_interact         trigger_2_interact
     00000008  ___bank_trigger_30_interact        trigger_30_interact
     00000008  ___bank_trigger_31_interact        trigger_31_interact
     00000008  ___bank_trigger_32_interact        trigger_32_interact
     00000008  ___bank_trigger_33_interact        trigger_33_interact
     00000008  ___bank_trigger_34_interact        trigger_34_interact
     00000008  ___bank_trigger_35_interact        trigger_35_interact
     00000008  ___bank_trigger_36_interact        trigger_36_interact
     00000008  ___bank_trigger_37_interact        trigger_37_interact
     00000008  ___bank_trigger_38_interact        trigger_38_interact
     00000008  ___bank_trigger_39_interact        trigger_39_interact
     00000008  ___bank_trigger_40_interact        trigger_40_interact
     00000008  ___bank_trigger_4_interact         trigger_4_interact
ASxxxx Linker V03.00/V05.40 + sdld,  page 10.
Hexadecimal  [32-Bits]

Area                                    Addr        Size        Decimal Bytes (Attributes)
--------------------------------        ----        ----        ------- ----- ------------
.  .ABS.                            00000000    00000000 =           0. bytes (ABS,CON)

      Value  Global                              Global Defined In Module
      -----  --------------------------------   ------------------------
     00000008  ___bank_trigger_5_interact         trigger_5_interact
     00000008  ___bank_trigger_6_interact         trigger_6_interact
     00000008  ___bank_trigger_7_interact         trigger_7_interact
     00000008  ___bank_trigger_8_interact         trigger_8_interact
     00000008  ___bank_trigger_9_interact         trigger_9_interact
     00000008  ___mute_mask_sound_legacy_3        sound_legacy_3
     00000008  b_erase_flash                      
     00000008  b_events_init                      events
     00000008  b_itoa_fmt                         vm_ui_a
     00000008  b_music_events_poll                music_manager
     00000008  b_music_init_driver                music_manager
     00000008  b_music_init_events                music_manager
     00000008  b_restore_sram                     flasher
     00000008  b_restore_sram_bank                flasher
     00000008  b_save_sram                        flasher
     00000008  b_save_sram_banks                  
     00000008  b_timers_init                      events
     00000008  b_vm_print_detect                  vm_gbprinter
     00000008  b_vm_print_overlay                 vm_gbprinter
     00000008  b_vm_projectile_launch             vm_projectiles
     00000008  b_vm_projectile_load_type          vm_projectiles
     00000008  b_vm_rtc_get                       vm_rtc
     00000008  b_vm_rtc_latch                     vm_rtc
     00000008  b_vm_rtc_set                       vm_rtc
     00000008  b_vm_rtc_start                     vm_rtc
     00000008  b_vm_save_clear                    vm_load_save
     00000008  b_vm_save_peek                     vm_load_save
     00000008  b_vm_scene_pop                     vm_scene
     00000008  b_vm_scene_pop_all                 vm_scene
     00000008  b_vm_scene_push                    vm_scene
     00000008  b_vm_scene_stack_reset             vm_scene
     00000008  l__HEADER3                      
     00000009  ___bank_actor_10_interact          actor_10_interact
     00000009  ___bank_actor_10_update            actor_10_update
     00000009  ___bank_actor_15_update            actor_15_update
     00000009  ___bank_actor_19_interact          actor_19_interact
     00000009  ___bank_actor_1_interact           actor_1_interact
     00000009  ___bank_actor_1_update             actor_1_update
     00000009  ___bank_actor_20_interact          actor_20_interact
     00000009  ___bank_actor_22_interact          actor_22_interact
     00000009  ___bank_actor_25_update            actor_25_update
     00000009  ___bank_actor_26_interact          actor_26_interact
     00000009  ___bank_actor_27_interact          actor_27_interact
     00000009  ___bank_actor_29_interact          actor_29_interact
     00000009  ___bank_actor_2_interact           actor_2_interact
     00000009  ___bank_actor_2_update             actor_2_update
     00000009  ___bank_actor_30_interact          actor_30_interact
     00000009  ___bank_actor_3_interact           actor_3_interact
     00000009  ___bank_actor_3_update             actor_3_update
     00000009  ___bank_actor_40_interact          actor_40_interact
     00000009  ___bank_actor_41_interact          actor_41_interact
ASxxxx Linker V03.00/V05.40 + sdld,  page 11.
Hexadecimal  [32-Bits]

Area                                    Addr        Size        Decimal Bytes (Attributes)
--------------------------------        ----        ----        ------- ----- ------------
.  .ABS.                            00000000    00000000 =           0. bytes (ABS,CON)

      Value  Global                              Global Defined In Module
      -----  --------------------------------   ------------------------
     00000009  ___bank_actor_42_interact          actor_42_interact
     00000009  ___bank_actor_47_interact          actor_47_interact
     00000009  ___bank_actor_48_interact          actor_48_interact
     00000009  ___bank_actor_49_interact          actor_49_interact
     00000009  ___bank_actor_50_interact          actor_50_interact
     00000009  ___bank_actor_51_interact          actor_51_interact
     00000009  ___bank_actor_53_interact          actor_53_interact
     00000009  ___bank_actor_5_interact           actor_5_interact
     00000009  ___bank_actor_5_update             actor_5_update
     00000009  ___bank_actor_6_interact           actor_6_interact
     00000009  ___bank_actor_6_update             actor_6_update
     00000009  ___bank_actor_7_interact           actor_7_interact
     00000009  ___bank_actor_7_update             actor_7_update
     00000009  ___bank_actor_8_interact           actor_8_interact
     00000009  ___bank_actor_8_update             actor_8_update
     00000009  ___bank_bg_beco                    bg_beco
     00000009  ___bank_bg_chief_entrance          bg_chief_entrance
     00000009  ___bank_bg_cutscene_ingame         bg_cutscene_ingame
     00000009  ___bank_bg_diningroom              bg_diningroom
     00000009  ___bank_bg_docas                   bg_docas
     00000009  ___bank_bg_grassfield              bg_grassfield
     00000009  ___bank_bg_grassfield_tileset      bg_grassfield_tileset
     00000009  ___bank_bg_inventory_chief         bg_inventory_chief
     00000009  ___bank_bg_inventory_samurai       bg_inventory_samurai
     00000009  ___bank_bg_placeholder             bg_placeholder
     00000009  ___bank_bg_placeholder_tileset     bg_placeholder_tileset
     00000009  ___bank_bg_skeleton_back           bg_skeleton_back
     00000009  ___bank_bg_title_screen            bg_title_screen
     00000009  ___bank_bg_vila_1                  bg_vila_1
     00000009  ___bank_bg_vila_2                  bg_vila_2
     00000009  ___bank_bootstrap_script           
     00000009  ___bank_cursor_image               cursor_image
     00000009  ___bank_emote_anger                emote_anger
     00000009  ___bank_emote_music                emote_music
     00000009  ___bank_emote_pause                emote_pause
     00000009  ___bank_emote_question             emote_question
     00000009  ___bank_emote_shock                emote_shock
     00000009  ___bank_emote_sweat                emote_sweat
     00000009  ___bank_palette_1                  palette_1
     00000009  ___bank_scene_0                    scene_0
     00000009  ___bank_scene_0_init               scene_0_init
     00000009  ___bank_scene_1                    scene_1
     00000009  ___bank_scene_10                   scene_10
     00000009  ___bank_scene_10_actors            scene_10_actors
     00000009  ___bank_scene_10_sprites           scene_10_sprites
     00000009  ___bank_scene_11                   scene_11
     00000009  ___bank_scene_12                   scene_12
     00000009  ___bank_scene_13                   scene_13
     00000009  ___bank_scene_13_actors            scene_13_actors
     00000009  ___bank_scene_13_sprites           scene_13_sprites
     00000009  ___bank_scene_14                   scene_14
ASxxxx Linker V03.00/V05.40 + sdld,  page 12.
Hexadecimal  [32-Bits]

Area                                    Addr        Size        Decimal Bytes (Attributes)
--------------------------------        ----        ----        ------- ----- ------------
.  .ABS.                            00000000    00000000 =           0. bytes (ABS,CON)

      Value  Global                              Global Defined In Module
      -----  --------------------------------   ------------------------
     00000009  ___bank_scene_14_p_hit1            scene_14_p_hit1
     00000009  ___bank_scene_14_projectiles       scene_14_projectiles
     00000009  ___bank_scene_14_sprites           scene_14_sprites
     00000009  ___bank_scene_14_triggers          scene_14_triggers
     00000009  ___bank_scene_15                   scene_15
     00000009  ___bank_scene_16                   scene_16
     00000009  ___bank_scene_16_actors            scene_16_actors
     00000009  ___bank_scene_16_sprites           scene_16_sprites
     00000009  ___bank_scene_16_triggers          scene_16_triggers
     00000009  ___bank_scene_17                   scene_17
     00000009  ___bank_scene_17_actors            scene_17_actors
     00000009  ___bank_scene_17_sprites           scene_17_sprites
     00000009  ___bank_scene_17_triggers          scene_17_triggers
     00000009  ___bank_scene_18                   scene_18
     00000009  ___bank_scene_18_actors            scene_18_actors
     00000009  ___bank_scene_18_init              scene_18_init
     00000009  ___bank_scene_18_sprites           scene_18_sprites
     00000009  ___bank_scene_18_triggers          scene_18_triggers
     00000009  ___bank_scene_19                   scene_19
     00000009  ___bank_scene_19_sprites           scene_19_sprites
     00000009  ___bank_scene_19_triggers          scene_19_triggers
     00000009  ___bank_scene_1_init               scene_1_init
     00000009  ___bank_scene_2                    scene_2
     00000009  ___bank_scene_20                   scene_20
     00000009  ___bank_scene_20_sprites           scene_20_sprites
     00000009  ___bank_scene_20_triggers          scene_20_triggers
     00000009  ___bank_scene_21                   scene_21
     00000009  ___bank_scene_21_sprites           scene_21_sprites
     00000009  ___bank_scene_21_triggers          scene_21_triggers
     00000009  ___bank_scene_22                   scene_22
     00000009  ___bank_scene_22_init              scene_22_init
     00000009  ___bank_scene_22_sprites           scene_22_sprites
     00000009  ___bank_scene_22_triggers          scene_22_triggers
     00000009  ___bank_scene_23                   scene_23
     00000009  ___bank_scene_24                   scene_24
     00000009  ___bank_scene_24_init              scene_24_init
     00000009  ___bank_scene_24_projectiles       scene_24_projectiles
     00000009  ___bank_scene_24_triggers          scene_24_triggers
     00000009  ___bank_scene_25                   scene_25
     00000009  ___bank_scene_25_init              scene_25_init
     00000009  ___bank_scene_25_sprites           scene_25_sprites
     00000009  ___bank_scene_25_triggers          scene_25_triggers
     00000009  ___bank_scene_26                   scene_26
     00000009  ___bank_scene_27                   scene_27
     00000009  ___bank_scene_27_sprites           scene_27_sprites
     00000009  ___bank_scene_29                   scene_29
     00000009  ___bank_scene_29_init              scene_29_init
     00000009  ___bank_scene_29_sprites           scene_29_sprites
     00000009  ___bank_scene_29_triggers          scene_29_triggers
     00000009  ___bank_scene_2_init               scene_2_init
     00000009  ___bank_scene_3                    scene_3
ASxxxx Linker V03.00/V05.40 + sdld,  page 13.
Hexadecimal  [32-Bits]

Area                                    Addr        Size        Decimal Bytes (Attributes)
--------------------------------        ----        ----        ------- ----- ------------
.  .ABS.                            00000000    00000000 =           0. bytes (ABS,CON)

      Value  Global                              Global Defined In Module
      -----  --------------------------------   ------------------------
     00000009  ___bank_scene_30                   scene_30
     00000009  ___bank_scene_30_init              scene_30_init
     00000009  ___bank_scene_3_init               scene_3_init
     00000009  ___bank_scene_4                    scene_4
     00000009  ___bank_scene_4_init               scene_4_init
     00000009  ___bank_scene_5                    scene_5
     00000009  ___bank_scene_5_actors             scene_5_actors
     00000009  ___bank_scene_5_init               scene_5_init
     00000009  ___bank_scene_5_sprites            scene_5_sprites
     00000009  ___bank_scene_6                    scene_6
     00000009  ___bank_scene_6_p_hit1             scene_6_p_hit1
     00000009  ___bank_scene_6_projectiles        scene_6_projectiles
     00000009  ___bank_scene_6_sprites            scene_6_sprites
     00000009  ___bank_scene_6_triggers           scene_6_triggers
     00000009  ___bank_scene_7                    scene_7
     00000009  ___bank_scene_7_init               scene_7_init
     00000009  ___bank_scene_7_sprites            scene_7_sprites
     00000009  ___bank_scene_8                    scene_8
     00000009  ___bank_scene_8_init               scene_8_init
     00000009  ___bank_scene_9                    scene_9
     00000009  ___bank_scene_9_init               scene_9_init
     00000009  ___bank_script_1                   script_1
     00000009  ___bank_script_4                   script_4
     00000009  ___bank_script_engine_init         
     00000009  ___bank_script_input_0             script_input_0
     00000009  ___bank_script_input_1             script_input_1
     00000009  ___bank_script_input_10            script_input_10
     00000009  ___bank_script_input_11            script_input_11
     00000009  ___bank_script_input_12            script_input_12
     00000009  ___bank_script_input_13            script_input_13
     00000009  ___bank_script_input_14            script_input_14
     00000009  ___bank_script_input_15            script_input_15
     00000009  ___bank_script_input_16            script_input_16
     00000009  ___bank_script_input_17            script_input_17
     00000009  ___bank_script_input_18            script_input_18
     00000009  ___bank_script_input_2             script_input_2
     00000009  ___bank_script_input_3             script_input_3
     00000009  ___bank_script_input_4             script_input_4
     00000009  ___bank_script_input_5             script_input_5
     00000009  ___bank_script_input_6             script_input_6
     00000009  ___bank_script_input_7             script_input_7
     00000009  ___bank_script_input_8             script_input_8
     00000009  ___bank_script_input_9             script_input_9
     00000009  ___bank_script_timer_0             script_timer_0
     00000009  ___bank_script_timer_1             script_timer_1
     00000009  ___bank_sound_legacy_0             sound_legacy_0
     00000009  ___bank_sound_legacy_1             sound_legacy_1
     00000009  ___bank_sound_legacy_2             sound_legacy_2
     00000009  ___bank_sound_legacy_3             sound_legacy_3
     00000009  ___bank_sprite_arcabuz             sprite_arcabuz
     00000009  ___bank_sprite_arcabuz_tileset     sprite_arcabuz_tileset
ASxxxx Linker V03.00/V05.40 + sdld,  page 14.
Hexadecimal  [32-Bits]

Area                                    Addr        Size        Decimal Bytes (Attributes)
--------------------------------        ----        ----        ------- ----- ------------
.  .ABS.                            00000000    00000000 =           0. bytes (ABS,CON)

      Value  Global                              Global Defined In Module
      -----  --------------------------------   ------------------------
     00000009  ___bank_sprite_caixa_2             sprite_caixa_2
     00000009  ___bank_sprite_caixa_2_tileset     sprite_caixa_2_tileset
     00000009  ___bank_sprite_comerciant_1_vers   sprite_comerciant_1_vers_o_
     00000009  ___bank_sprite_comerciant_1_vers   sprite_comerciant_1_vers_o__
     00000009  ___bank_sprite_comerciant_2_vers   sprite_comerciant_2_vers_o_
     00000009  ___bank_sprite_comerciant_2_vers   sprite_comerciant_2_vers_o__
     00000009  ___bank_sprite_comerciant_vers_o   sprite_comerciant_vers_o_0
     00000009  ___bank_sprite_comerciant_vers_o   sprite_comerciant_vers_o_0_t
     00000009  ___bank_sprite_comerciant_vers_o   sprite_comerciant_vers_o_1
     00000009  ___bank_sprite_comerciant_vers_o   sprite_comerciant_vers_o_1_t
     00000009  ___bank_sprite_espada_europeia     sprite_espada_europeia
     00000009  ___bank_sprite_espada_europeia_t   sprite_espada_europeia_tiles
     00000009  ___bank_sprite_estatua_buda        sprite_estatua_buda
     00000009  ___bank_sprite_estatua_buda_tile   sprite_estatua_buda_tileset
     00000009  ___bank_sprite_inventory_cursor    sprite_inventory_cursor
     00000009  ___bank_sprite_inventory_cursor_   sprite_inventory_cursor_tile
     00000009  ___bank_sprite_jaula               sprite_jaula
     00000009  ___bank_sprite_jaula_tileset       sprite_jaula_tileset
     00000009  ___bank_sprite_navio_portugues     sprite_navio_portugues
     00000009  ___bank_sprite_navio_portugues_i   sprite_navio_portugues_inve
     00000009  ___bank_sprite_skull               sprite_skull
     00000009  ___bank_sprite_skull_tileset       sprite_skull_tileset
     00000009  ___bank_sprite_static              sprite_static
     00000009  ___bank_sprite_static_tileset      sprite_static_tileset
     00000009  ___bank_sprite_tripulante1         sprite_tripulante1
     00000009  ___bank_sprite_tripulante2         sprite_tripulante2
     00000009  ___bank_sprite_yipper              sprite_yipper
     00000009  ___bank_sprite_yipper_tileset      sprite_yipper_tileset
     00000009  ___bank_spritesheet_none           spritesheet_none
     00000009  ___bank_trigger_0_interact         trigger_0_interact
     00000009  ___bank_trigger_15_interact        trigger_15_interact
     00000009  ___bank_trigger_16_interact        trigger_16_interact
     00000009  ___bank_trigger_17_interact        trigger_17_interact
     00000009  ___bank_trigger_18_interact        trigger_18_interact
     00000009  ___bank_trigger_19_interact        trigger_19_interact
     00000009  ___bank_trigger_1_interact         trigger_1_interact
     00000009  ___bank_trigger_20_interact        trigger_20_interact
     00000009  ___bank_trigger_21_interact        trigger_21_interact
     00000009  ___bank_trigger_22_interact        trigger_22_interact
     00000009  ___bank_trigger_23_interact        trigger_23_interact
     00000009  ___bank_trigger_24_interact        trigger_24_interact
     00000009  ___bank_trigger_25_interact        trigger_25_interact
     00000009  ___bank_trigger_26_interact        trigger_26_interact
     00000009  ___bank_trigger_28_interact        trigger_28_interact
     00000009  ___bank_trigger_3_interact         trigger_3_interact
     00000009  ___bank_trigger_41_interact        trigger_41_interact
     00000009  ___bank_trigger_42_interact        trigger_42_interact
     00000009  ___bank_trigger_43_interact        trigger_43_interact
     00000009  ___bank_trigger_44_interact        trigger_44_interact
     00000009  b_SIO_init                         sio
     00000009  b_camera_init                      camera
ASxxxx Linker V03.00/V05.40 + sdld,  page 15.
Hexadecimal  [32-Bits]

Area                                    Addr        Size        Decimal Bytes (Attributes)
--------------------------------        ----        ----        ------- ----- ------------
.  .ABS.                            00000000    00000000 =           0. bytes (ABS,CON)

      Value  Global                              Global Defined In Module
      -----  --------------------------------   ------------------------
     00000009  b_camera_reset                     camera
     00000009  b_input_init                       input
     00000009  b_logo_init                        logo
     00000009  b_logo_update                      logo
     00000009  b_palette_init                     palette
     00000009  b_parallax_init                    parallax
     00000009  b_remove_LCD_ISRs                  interrupts
     0000000C  __start_save                    
     0000001A  l__INITIALIZED                  
     0000001A  l__INITIALIZER                  
     00000027  l__GSINIT                       
     00000030  l__HEADER7                      
     00000060  l__HEADER4                      
     000000AB  l__HEADER11                     
     000001CB  l__CRASH_SCRATCH2               
     00000200  s__CODE                         
     00000E5E  l__CODE                         
     0000105E  s__HOME                         
     00001992  l__DATA                         
     00002000  _rROMB0                            
     00002406  l__CODE_9                       
     000029C0  l__HOME                         
     00003000  _rROMB1                            
     00003A1E  s__BASE                         
     00003A1E  s__CODE_0                       
     00003A1E  s__INITIALIZER                  
     00003A1E  s__LIT                          
     00003A38  s__GSINIT                       
     00003A5F  s__GSFINAL                      
     00003FFF  l__CODE_2                       
     00003FFF  l__CODE_5                       
     00003FFF  l__CODE_7                       
     00004000  _RTC_SELECT_REG                    vm_rtc
     00004000  _rRAMB                             
     00004000  l__CODE_1                       
     00004000  l__CODE_3                       
     00004000  l__CODE_4                       
     00004000  l__CODE_6                       
     00004000  l__CODE_8                       
     00006000  _RTC_LATCH_REG                     vm_rtc
     00008000  __VRAM                             
     00008000  __VRAM8000                         
     00008800  __VRAM8800                         
     00009000  __VRAM9000                         
     00009800  __SCRN0                            
     00009C00  __SCRN1                            
     0000A000  _RTC_VALUE_REG                     vm_rtc
     0000A000  __SRAM                             
     0000C000  __RAM                              
     0000C000  _shadow_OAM                     
     0000C0A0  s__DATA                         
ASxxxx Linker V03.00/V05.40 + sdld,  page 16.
Hexadecimal  [32-Bits]

Area                                    Addr        Size        Decimal Bytes (Attributes)
--------------------------------        ----        ----        ------- ----- ------------
.  .ABS.                            00000000    00000000 =           0. bytes (ABS,CON)

      Value  Global                              Global Defined In Module
      -----  --------------------------------   ------------------------
     0000D000  __RAMBANK                          
     0000DA32  s__BSS                          
     0000DA32  s__INITIALIZED                  
     0000DA4C  s__HEAP                         
     0000DA4C  s__HEAP_END                     
     0000DF00  .STACK                          
     0000DF00  _shadow_OAM2                       absolute
     0000DFA0  _BkgPalette                        absolute
     0000DFE0  _vwf_tile_data                     absolute
     0000FE00  __OAMRAM                           
     0000FF00  _P1_REG                            
     0000FF00  __IO                               
     0000FF01  _SB_REG                            
     0000FF02  _SC_REG                            
     0000FF04  _DIV_REG                           
     0000FF05  _TIMA_REG                          
     0000FF06  _TMA_REG                           
     0000FF07  _TAC_REG                           
     0000FF0F  _IF_REG                            
     0000FF10  _NR10_REG                          
     0000FF11  _NR11_REG                          
     0000FF12  _NR12_REG                          
     0000FF13  _NR13_REG                          
     0000FF14  _NR14_REG                          
     0000FF16  _NR21_REG                          
     0000FF17  _NR22_REG                          
     0000FF18  _NR23_REG                          
     0000FF19  _NR24_REG                          
     0000FF1A  _NR30_REG                          
     0000FF1B  _NR31_REG                          
     0000FF1C  _NR32_REG                          
     0000FF1D  _NR33_REG                          
     0000FF1E  _NR34_REG                          
     0000FF20  _NR41_REG                          
     0000FF21  _NR42_REG                          
     0000FF22  _NR43_REG                          
     0000FF23  _NR44_REG                          
     0000FF24  _NR50_REG                          
     0000FF25  _NR51_REG                          
     0000FF26  _NR52_REG                          
     0000FF30  _AUD3WAVE                          
     0000FF30  _PCM_SAMPLE                        
     0000FF30  __AUD3WAVERAM                      
     0000FF40  _LCDC_REG                          
     0000FF41  _STAT_REG                          
     0000FF42  _SCY_REG                           
     0000FF43  _SCX_REG                           
     0000FF44  _LY_REG                            
     0000FF45  _LYC_REG                           
     0000FF46  _DMA_REG                           
     0000FF47  _BGP_REG                           
ASxxxx Linker V03.00/V05.40 + sdld,  page 17.
Hexadecimal  [32-Bits]

Area                                    Addr        Size        Decimal Bytes (Attributes)
--------------------------------        ----        ----        ------- ----- ------------
.  .ABS.                            00000000    00000000 =           0. bytes (ABS,CON)

      Value  Global                              Global Defined In Module
      -----  --------------------------------   ------------------------
     0000FF48  _OBP0_REG                          
     0000FF49  _OBP1_REG                          
     0000FF4A  _WY_REG                            
     0000FF4B  _WX_REG                            
     0000FF4D  _KEY1_REG                          
     0000FF4F  _VBK_REG                           
     0000FF51  _HDMA1_REG                         
     0000FF52  _HDMA2_REG                         
     0000FF53  _HDMA3_REG                         
     0000FF54  _HDMA4_REG                         
     0000FF55  _HDMA5_REG                         
     0000FF56  _RP_REG                            
     0000FF68  _BCPS_REG                          
     0000FF69  _BCPD_REG                          
     0000FF6A  _OCPS_REG                          
     0000FF6B  _OCPD_REG                          
     0000FF70  _SVBK_REG                          
     0000FF76  _PCM12_REG                         
     0000FF77  _PCM34_REG                         
     0000FF80  .refresh_OAM                    
     0000FF80  __HRAM                             
     0000FFFF  _IE_REG                            
     00014000  s__CODE_1                       
     00024000  s__CODE_2                       
     00034000  s__CODE_3                       
     00044000  s__CODE_4                       
     00054000  s__CODE_5                       
     00064000  s__CODE_6                       
     00074000  s__CODE_7                       
     00084000  s__CODE_8                       
     00094000  s__CODE_9                       
ASxxxx Linker V03.00/V05.40 + sdld,  page 18.
Hexadecimal  [32-Bits]

Area                                    Addr        Size        Decimal Bytes (Attributes)
--------------------------------        ----        ----        ------- ----- ------------
_CODE                               00000200    00000E5E =        3678. bytes (REL,CON)

      Value  Global                              Global Defined In Module
      -----  --------------------------------   ------------------------
     00000200  ___HandleCrash                     
     0000020A  _SIO_send_byte                     
     0000021D  _SIO_receive                       
     0000022E  _GetWinAddr                        
     00000236  _GetBkgAddr                        
     00000244  _state_init                        
     00000249  _state_update                      
     0000026B  _ui_time_masks                     
     00000273  _ui_print_shift_char               
     000002F6  _ui_draw_frame_row                 
     000002FF  .ui_draw_frame_row                 
     00000328  _script_cmds                       vm_instructions
     00000560  _save_signature                    game_signature
     00000564  _start_scene_x                     
     00000566  _start_scene_y                     
     00000568  _start_scene_dir                   
     00000569  _start_scene                       
     0000056C  _start_player_move_speed           
     0000056D  _start_player_anim_tick            
     0000056E  _ui_fonts                          
     00000571  _core_reset_hook                   main
     00000579  _main                              main
     00000581  _state_start_fns                   
     00000593  _state_update_fns                  
     000005A5  _hUGE_init                         hUGEDriver_obj
     000005A7  hUGE_init                          hUGEDriver_obj
     000005FD  _hUGE_mute_channel                 hUGEDriver_obj
     000005FF  hUGE_mute_channel                  hUGEDriver_obj
     0000084D  _hUGE_set_position                 hUGEDriver_obj
     0000084F  hUGE_set_position                  hUGEDriver_obj
     00000A14  _hUGE_dosound                      hUGEDriver_obj
     00000A14  hUGE_dosound                       hUGEDriver_obj
     00000D40  _get_vram_byte                     
     00000D48  _get_win_tile_xy                   
     00000D50  _get_bkg_tile_xy                   
     00000D77  _hide_sprites_range                Metasprites
     00000DA6  __mulsuchar                        mul
     00000DA9  __muluschar                        mul
     00000DB2  __mulschar                         mul
     00000DBA  __mulint                           mul
     00000DD9  __muluchar                         mul
     00000DEB  _set_vram_byte                     
     00000DF4  _set_win_tile_xy                   
     00000DFC  _set_bkg_tile_xy                   
     00000E26  .sgb_check                         
     00000E26  _sgb_check                         
     00000E6E  _sgb_transfer                      
     00000E73  .sgb_transfer                      
     00000EB4  .copy_vram                         
     00000EBA  _get_data                          
ASxxxx Linker V03.00/V05.40 + sdld,  page 19.
Hexadecimal  [32-Bits]

Area                                    Addr        Size        Decimal Bytes (Attributes)
--------------------------------        ----        ----        ------- ----- ------------
_CODE                               00000200    00000E5E =        3678. bytes (REL,CON)

      Value  Global                              Global Defined In Module
      -----  --------------------------------   ------------------------
     00000EBA  _set_data                          
     00000EBA  _vmemcpy                           
     00000F08  ___move_metasprite                 Metasprites
     00000F45  ___memcpy                          
     00000F45  _memcpy                            
     00000F77  __divsuchar                        divmod
     00000F7D  __modsuchar                        divmod
     00000F86  __divuschar                        divmod
     00000F8F  __moduschar                        divmod
     00000F9B  __divschar                         divmod
     00000FA0  __modschar                         divmod
     00000FA7  __divsint                          divmod
     00000FB0  __modsint                          divmod
     00000FBC  __divuchar                         divmod
     00000FC1  __moduchar                         divmod
     00000FC8  __divuint                          divmod
     00000FD1  __moduint                          divmod
     00000FDD  .div8                              divmod
     00000FDD  .mod8                              divmod
     00000FE5  .div16                             divmod
     00000FE5  .mod16                             divmod
     0000101B  .divu8                             divmod
     0000101B  .modu8                             divmod
     0000101E  .divu16                            divmod
     0000101E  .modu16                            divmod
ASxxxx Linker V03.00/V05.40 + sdld,  page 20.
Hexadecimal  [32-Bits]

Area                                    Addr        Size        Decimal Bytes (Attributes)
--------------------------------        ----        ----        ------- ----- ------------
_HEADER0                            00000000    00000001 =           1. bytes (ABS,CON)

      Value  Global                              Global Defined In Module
      -----  --------------------------------   ------------------------
     00000020  .call_hl                           Runtime

ASxxxx Linker V03.00/V05.40 + sdld,  page 21.
Hexadecimal  [32-Bits]

Area                                    Addr        Size        Decimal Bytes (Attributes)
--------------------------------        ----        ----        ------- ----- ------------
_HEADER1                            00000000    00000005 =           5. bytes (ABS,CON)

      Value  Global                              Global Defined In Module
      -----  --------------------------------   ------------------------
     00000028  .MemsetSmall                       Runtime

ASxxxx Linker V03.00/V05.40 + sdld,  page 22.
Hexadecimal  [32-Bits]

Area                                    Addr        Size        Decimal Bytes (Attributes)
--------------------------------        ----        ----        ------- ----- ------------
_HEADER2                            00000000    00000007 =           7. bytes (ABS,CON)

      Value  Global                              Global Defined In Module
      -----  --------------------------------   ------------------------
     00000030  .MemcpySmall                       Runtime

ASxxxx Linker V03.00/V05.40 + sdld,  page 23.
Hexadecimal  [32-Bits]

Area                                    Addr        Size        Decimal Bytes (Attributes)
--------------------------------        ----        ----        ------- ----- ------------
_HEADER3                            00000000    00000008 =           8. bytes (ABS,CON)

      Value  Global                              Global Defined In Module
      -----  --------------------------------   ------------------------
ASxxxx Linker V03.00/V05.40 + sdld,  page 24.
Hexadecimal  [32-Bits]

Area                                    Addr        Size        Decimal Bytes (Attributes)
--------------------------------        ----        ----        ------- ----- ------------
_HEADER4                            00000000    00000060 =          96. bytes (ABS,CON)

      Value  Global                              Global Defined In Module
      -----  --------------------------------   ------------------------
     00000080  .int                               Runtime
     0000008F  _wait_int_handler                  Runtime
     0000009C  __standard_VBL_handler             Runtime
     000000AB  _refresh_OAM                       Runtime
     000000CC  _set_interrupts                    Runtime

ASxxxx Linker V03.00/V05.40 + sdld,  page 25.
Hexadecimal  [32-Bits]

Area                                    Addr        Size        Decimal Bytes (Attributes)
--------------------------------        ----        ----        ------- ----- ------------
_HEADER5                            00000000    00000001 =           1. bytes (ABS,CON)

      Value  Global                              Global Defined In Module
      -----  --------------------------------   ------------------------
ASxxxx Linker V03.00/V05.40 + sdld,  page 26.
Hexadecimal  [32-Bits]

Area                                    Addr        Size        Decimal Bytes (Attributes)
--------------------------------        ----        ----        ------- ----- ------------
_HEADER6                            00000000    00000002 =           2. bytes (ABS,CON)

      Value  Global                              Global Defined In Module
      -----  --------------------------------   ------------------------
ASxxxx Linker V03.00/V05.40 + sdld,  page 27.
Hexadecimal  [32-Bits]

Area                                    Addr        Size        Decimal Bytes (Attributes)
--------------------------------        ----        ----        ------- ----- ------------
_HEADER7                            00000000    00000030 =          48. bytes (ABS,CON)

      Value  Global                              Global Defined In Module
      -----  --------------------------------   ------------------------
ASxxxx Linker V03.00/V05.40 + sdld,  page 28.
Hexadecimal  [32-Bits]

Area                                    Addr        Size        Decimal Bytes (Attributes)
--------------------------------        ----        ----        ------- ----- ------------
_HEADER8                            00000000    00000006 =           6. bytes (ABS,CON)

      Value  Global                              Global Defined In Module
      -----  --------------------------------   ------------------------
ASxxxx Linker V03.00/V05.40 + sdld,  page 29.
Hexadecimal  [32-Bits]

Area                                    Addr        Size        Decimal Bytes (Attributes)
--------------------------------        ----        ----        ------- ----- ------------
_HEADER9                            00000000    00000003 =           3. bytes (ABS,CON)

      Value  Global                              Global Defined In Module
      -----  --------------------------------   ------------------------
ASxxxx Linker V03.00/V05.40 + sdld,  page 30.
Hexadecimal  [32-Bits]

Area                                    Addr        Size        Decimal Bytes (Attributes)
--------------------------------        ----        ----        ------- ----- ------------
_HEADERa                            00000000    00000001 =           1. bytes (ABS,CON)

      Value  Global                              Global Defined In Module
      -----  --------------------------------   ------------------------
ASxxxx Linker V03.00/V05.40 + sdld,  page 31.
Hexadecimal  [32-Bits]

Area                                    Addr        Size        Decimal Bytes (Attributes)
--------------------------------        ----        ----        ------- ----- ------------
_HEADERb                            00000000    00000001 =           1. bytes (ABS,CON)

      Value  Global                              Global Defined In Module
      -----  --------------------------------   ------------------------
ASxxxx Linker V03.00/V05.40 + sdld,  page 32.
Hexadecimal  [32-Bits]

Area                                    Addr        Size        Decimal Bytes (Attributes)
--------------------------------        ----        ----        ------- ----- ------------
_HEADERc                            00000000    00000001 =           1. bytes (ABS,CON)

      Value  Global                              Global Defined In Module
      -----  --------------------------------   ------------------------
ASxxxx Linker V03.00/V05.40 + sdld,  page 33.
Hexadecimal  [32-Bits]

Area                                    Addr        Size        Decimal Bytes (Attributes)
--------------------------------        ----        ----        ------- ----- ------------
_HEADERd                            00000000    00000002 =           2. bytes (ABS,CON)

      Value  Global                              Global Defined In Module
      -----  --------------------------------   ------------------------
ASxxxx Linker V03.00/V05.40 + sdld,  page 34.
Hexadecimal  [32-Bits]

Area                                    Addr        Size        Decimal Bytes (Attributes)
--------------------------------        ----        ----        ------- ----- ------------
_HEADERe                            00000000    00000001 =           1. bytes (ABS,CON)

      Value  Global                              Global Defined In Module
      -----  --------------------------------   ------------------------
ASxxxx Linker V03.00/V05.40 + sdld,  page 35.
Hexadecimal  [32-Bits]

Area                                    Addr        Size        Decimal Bytes (Attributes)
--------------------------------        ----        ----        ------- ----- ------------
_HEADERf                            00000000    00000001 =           1. bytes (ABS,CON)

      Value  Global                              Global Defined In Module
      -----  --------------------------------   ------------------------
ASxxxx Linker V03.00/V05.40 + sdld,  page 36.
Hexadecimal  [32-Bits]

Area                                    Addr        Size        Decimal Bytes (Attributes)
--------------------------------        ----        ----        ------- ----- ------------
_HEADER10                           00000000    00000002 =           2. bytes (ABS,CON)

      Value  Global                              Global Defined In Module
      -----  --------------------------------   ------------------------
ASxxxx Linker V03.00/V05.40 + sdld,  page 37.
Hexadecimal  [32-Bits]

Area                                    Addr        Size        Decimal Bytes (Attributes)
--------------------------------        ----        ----        ------- ----- ------------
_HEADER11                           00000000    000000AB =         171. bytes (ABS,CON)

      Value  Global                              Global Defined In Module
      -----  --------------------------------   ------------------------
     00000150  .reset                             Runtime
     00000150  _reset                             Runtime
     00000157  .code_start                        Runtime
     000001B9  _exit                              Runtime
     000001BD  .wait_vbl_done                     Runtime
     000001BD  _vsync                             Runtime
     000001BD  _wait_vbl_done                     Runtime
     000001CD  .remove_VBL                        Runtime
     000001CD  _remove_VBL                        Runtime
     000001D0  .remove_int                        Runtime
     000001ED  .add_VBL                           Runtime
     000001ED  _add_VBL                           Runtime
     000001F0  .add_int                           Runtime

ASxxxx Linker V03.00/V05.40 + sdld,  page 38.
Hexadecimal  [32-Bits]

Area                                    Addr        Size        Decimal Bytes (Attributes)
--------------------------------        ----        ----        ------- ----- ------------
_HOME                               0000105E    000029C0 =       10688. bytes (REL,CON)

      Value  Global                              Global Defined In Module
      -----  --------------------------------   ------------------------
     0000105E  .memset_simple                     Runtime
     00001067  .memcpy_simple                     Runtime
     00001084  .display_off                       Runtime
     00001084  _display_off                       Runtime
     0000109C  _actors_update                     actor
     0000148F  _SetBankedBkgData                  bankdata
     000014AB  _SetBankedSpriteData               bankdata
     000014C7  _SetBankedBkgTiles                 bankdata
     000014E3  _SetBankedWinTiles                 bankdata
     000014FF  _ReadBankedFarPtr                  bankdata
     00001521  _ReadBankedUWORD                   bankdata
     0000153B  _MemcpyBanked                      bankdata
     0000155D  _MemcpyVRAMBanked                  bankdata
     0000158C  _IndexOfFarPtr                     bankdata
     00001611  _camera_update                     camera
     00001744  _load_animations                   data_manager
     0000179D  _events_update                     events
     00001870  _timers_update                     events
     000018F9  _input_update                      input
     0000191C  .sio_ISR                           
     00001976  .timer_ISR                         
     0000198B  _simple_LCD_isr                    interrupts
     00001A0A  _fullscreen_LCD_isr                interrupts
     00001A36  _VBL_isr                           interrupts
     00001A80  _isqrt                             math
     00001ADD  _sine_wave                         math
     00001BDD  _dir_lookup                        math
     00001BE5  _dir_angle_lookup                  math
     00001BE9  _hUGETrackerRoutine                music_manager
     00001C10  _music_events_update               music_manager
     00001C92  _music_play_isr                    music_manager
     00001D33  _parallax_LCD_isr                  parallax
     00001D70  _projectiles_update                projectiles
     000021F1  _projectiles_render                projectiles
     00002346  _scroll_load_pending_row           scroll
     00002394  _scroll_load_row                   scroll
     000023D4  _scroll_load_col                   scroll
     00002409  _scroll_load_pending_col           scroll
     00002458  _set_bkg_submap                    
     0000249B  _set_xy_win_submap                 
     000024C8  .set_xy_win_submap                 
     000024D1  .set_xy_bkg_submap                 
     000024E0  .set_xy_submap                     
     0000252A  _sfx_play_isr                      sfx_player
     00002603  _on_SIO_receive                    sio
     00002642  _SIO_update                        sio
     000026A6  _ui_update                         ui
     000027DE  _vm_sgb_transfer                   vm_sgb
     0000282B  _vm_load_text                      vm_ui
     00002A81  _vm_switch                         vm
ASxxxx Linker V03.00/V05.40 + sdld,  page 39.
Hexadecimal  [32-Bits]

Area                                    Addr        Size        Decimal Bytes (Attributes)
--------------------------------        ----        ----        ------- ----- ------------
_HOME                               0000105E    000029C0 =       10688. bytes (REL,CON)

      Value  Global                              Global Defined In Module
      -----  --------------------------------   ------------------------
     00002BB2  _vm_beginthread                    vm
     00002CD6  _vm_rpn                            vm
     000034AF  _vm_get_far                        vm
     0000351D  _vm_call_native                    vm
     00003530  _VM_STEP                           vm
     0000359A  _script_runner_update              vm
     000036FF  _fill_win_rect                     
     00003711  _rand                              
     00003711  _randw                             
     0000373C  _initrand                          
     0000373E  .initrand                          
     00003747  _get_bkg_data                      
     00003747  _get_win_data                      
     00003794  _get_sprite_data                   
     000037C7  _abs                               abs
     000037D6  _set_win_tiles                     
     000037EA  _set_tile_data                     
     000037EF  _set_bkg_data                      
     000037EF  _set_win_data                      
     000037F7  _set_sprite_data                   
     00003827  _reverse                           reverse
     0000385B  ___call__banked                    far_ptr
     00003878  _to_far_ptr                        far_ptr
     000038AE  .add_LCD                           
     000038AE  _add_LCD                           
     000038B4  .remove_LCD                        
     000038B4  _remove_LCD                        
     000038BA  .fill_rect_wtt                     
     000038C3  .fill_rect_btt                     
     00003910  _fill_bkg_rect                     
     00003922  .padup                             
     00003922  _waitpadup                         
[...]
C:/tmp/_gbsbuild/obj/scene_25_init.rel    [ scene_25_init ]
C:/tmp/_gbsbuild/obj/scene_25_sprites.rel
                                          [ scene_25_sprites ]
C:/tmp/_gbsbuild/obj/scene_25_triggers.rel
                                          [ scene_25_triggers ]
C:/tmp/_gbsbuild/obj/scene_25.rel         [ scene_25 ]
C:/tmp/_gbsbuild/obj/scene_26_collisions.rel
                                          [ scene_26_collisions ]
C:/tmp/_gbsbuild/obj/scene_26_init.rel    [ scene_26_init ]
C:/tmp/_gbsbuild/obj/scene_26.rel         [ scene_26 ]
C:/tmp/_gbsbuild/obj/scene_27_actors.rel  [ scene_27_actors ]
C:/tmp/_gbsbuild/obj/scene_27_collisions.rel
                                          [ scene_27_collisions ]
C:/tmp/_gbsbuild/obj/scene_27_init.rel    [ scene_27_init ]
C:/tmp/_gbsbuild/obj/scene_27_sprites.rel
                                          [ scene_27_sprites ]
C:/tmp/_gbsbuild/obj/scene_27_triggers.rel
                                          [ scene_27_triggers ]
C:/tmp/_gbsbuild/obj/scene_27.rel         [ scene_27 ]
C:/tmp/_gbsbuild/obj/scene_29_actors.rel  [ scene_29_actors ]
C:/tmp/_gbsbuild/obj/scene_29_collisions.rel
                                          [ scene_29_collisions ]
C:/tmp/_gbsbuild/obj/scene_29_init.rel    [ scene_29_init ]
C:/tmp/_gbsbuild/obj/scene_29_sprites.rel
                                          [ scene_29_sprites ]
C:/tmp/_gbsbuild/obj/scene_29_triggers.rel
                                          [ scene_29_triggers ]
C:/tmp/_gbsbuild/obj/scene_29.rel         [ scene_29 ]
C:/tmp/_gbsbuild/obj/scene_3_collisions.rel
                                          [ scene_3_collisions ]
C:/tmp/_gbsbuild/obj/scene_3_init.rel     [ scene_3_init ]
C:/tmp/_gbsbuild/obj/scene_3.rel          [ scene_3 ]
C:/tmp/_gbsbuild/obj/scene_30_collisions.rel
                                          [ scene_30_collisions ]
C:/tmp/_gbsbuild/obj/scene_30_init.rel    [ scene_30_init ]
C:/tmp/_gbsbuild/obj/scene_30.rel         [ scene_30 ]
C:/tmp/_gbsbuild/obj/scene_4_collisions.rel
                                          [ scene_4_collisions ]
C:/tmp/_gbsbuild/obj/scene_4_init.rel     [ scene_4_init ]
C:/tmp/_gbsbuild/obj/scene_4.rel          [ scene_4 ]
C:/tmp/_gbsbuild/obj/scene_5_actors.rel   [ scene_5_actors ]
C:/tmp/_gbsbuild/obj/scene_5_collisions.rel
                                          [ scene_5_collisions ]
C:/tmp/_gbsbuild/obj/scene_5_init.rel     [ scene_5_init ]
C:/tmp/_gbsbuild/obj/scene_5_sprites.rel  [ scene_5_sprites ]
C:/tmp/_gbsbuild/obj/scene_5.rel          [ scene_5 ]
C:/tmp/_gbsbuild/obj/scene_6_actors.rel   [ scene_6_actors ]
C:/tmp/_gbsbuild/obj/scene_6_collisions.rel
                                          [ scene_6_collisions ]
C:/tmp/_gbsbuild/obj/scene_6_init.rel     [ scene_6_init ]
C:/tmp/_gbsbuild/obj/scene_6_p_hit1.rel   [ scene_6_p_hit1 ]
C:/tmp/_gbsbuild/obj/scene_6_projectiles.rel
                                          [ scene_6_projectiles ]
C:/tmp/_gbsbuild/obj/scene_6_sprites.rel  [ scene_6_sprites ]
C:/tmp/_gbsbuild/obj/scene_6_triggers.rel
                                          [ scene_6_triggers ]
C:/tmp/_gbsbuild/obj/scene_6.rel          [ scene_6 ]
C:/tmp/_gbsbuild/obj/scene_7_actors.rel   [ scene_7_actors ]
C:/tmp/_gbsbuild/obj/scene_7_collisions.rel
                                          [ scene_7_collisions ]
C:/tmp/_gbsbuild/obj/scene_7_init.rel     [ scene_7_init ]
C:/tmp/_gbsbuild/obj/scene_7_sprites.rel  [ scene_7_sprites ]
C:/tmp/_gbsbuild/obj/scene_7_triggers.rel
                                          [ scene_7_triggers ]
C:/tmp/_gbsbuild/obj/scene_7.rel          [ scene_7 ]
C:/tmp/_gbsbuild/obj/scene_8_collisions.rel
                                          [ scene_8_collisions ]
C:/tmp/_gbsbuild/obj/scene_8_init.rel     [ scene_8_init ]
C:/tmp/_gbsbuild/obj/scene_8.rel          [ scene_8 ]
C:/tmp/_gbsbuild/obj/scene_9_collisions.rel
                                          [ scene_9_collisions ]
C:/tmp/_gbsbuild/obj/scene_9_init.rel     [ scene_9_init ]
C:/tmp/_gbsbuild/obj/scene_9.rel          [ scene_9 ]
C:/tmp/_gbsbuild/obj/script_1.rel         [ script_1 ]
C:/tmp/_gbsbuild/obj/script_2.rel         [ script_2 ]
C:/tmp/_gbsbuild/obj/script_3.rel         [ script_3 ]
C:/tmp/_gbsbuild/obj/script_4.rel         [ script_4 ]
C:/tmp/_gbsbuild/obj/script_6.rel         [ script_6 ]
C:/tmp/_gbsbuild/obj/script_engine_init.rel
                                          [  ]
C:/tmp/_gbsbuild/obj/script_input_0.rel   [ script_input_0 ]
C:/tmp/_gbsbuild/obj/script_input_1.rel   [ script_input_1 ]
C:/tmp/_gbsbuild/obj/script_input_10.rel  [ script_input_10 ]
C:/tmp/_gbsbuild/obj/script_input_11.rel  [ script_input_11 ]
C:/tmp/_gbsbuild/obj/script_input_12.rel  [ script_input_12 ]
C:/tmp/_gbsbuild/obj/script_input_13.rel  [ script_input_13 ]
C:/tmp/_gbsbuild/obj/script_input_14.rel  [ script_input_14 ]
C:/tmp/_gbsbuild/obj/script_input_15.rel  [ script_input_15 ]
C:/tmp/_gbsbuild/obj/script_input_16.rel  [ script_input_16 ]
C:/tmp/_gbsbuild/obj/script_input_17.rel  [ script_input_17 ]
C:/tmp/_gbsbuild/obj/script_input_18.rel  [ script_input_18 ]
C:/tmp/_gbsbuild/obj/script_input_2.rel   [ script_input_2 ]
C:/tmp/_gbsbuild/obj/script_input_3.rel   [ script_input_3 ]
C:/tmp/_gbsbuild/obj/script_input_4.rel   [ script_input_4 ]
C:/tmp/_gbsbuild/obj/script_input_5.rel   [ script_input_5 ]
C:/tmp/_gbsbuild/obj/script_input_6.rel   [ script_input_6 ]
C:/tmp/_gbsbuild/obj/script_input_7.rel   [ script_input_7 ]
C:/tmp/_gbsbuild/obj/script_input_8.rel   [ script_input_8 ]
C:/tmp/_gbsbuild/obj/script_input_9.rel   [ script_input_9 ]
C:/tmp/_gbsbuild/obj/script_timer_0.rel   [ script_timer_0 ]
C:/tmp/_gbsbuild/obj/script_timer_1.rel   [ script_timer_1 ]
C:/tmp/_gbsbuild/obj/sound_legacy_0.rel   [ sound_legacy_0 ]
C:/tmp/_gbsbuild/obj/sound_legacy_1.rel   [ sound_legacy_1 ]
C:/tmp/_gbsbuild/obj/sound_legacy_2.rel   [ sound_legacy_2 ]
C:/tmp/_gbsbuild/obj/sound_legacy_3.rel   [ sound_legacy_3 ]
C:/tmp/_gbsbuild/obj/sprite_actor_animated_tileset.rel
                                          [ sprite_actor_animated_tileset ]
C:/tmp/_gbsbuild/obj/sprite_actor_animated.rel
                                          [ sprite_actor_animated ]
C:/tmp/_gbsbuild/obj/sprite_actor_tileset.rel
                                          [ sprite_actor_tileset ]
C:/tmp/_gbsbuild/obj/sprite_actor.rel     [ sprite_actor ]
C:/tmp/_gbsbuild/obj/sprite_arcabuz_tileset.rel
                                          [ sprite_arcabuz_tileset ]
C:/tmp/_gbsbuild/obj/sprite_arcabuz.rel   [ sprite_arcabuz ]
C:/tmp/_gbsbuild/obj/sprite_boat_life_bar_tileset.rel
                                          [ sprite_boat_life_bar_tileset ]
C:/tmp/_gbsbuild/obj/sprite_boat_life_bar.rel
                                          [ sprite_boat_life_bar ]
C:/tmp/_gbsbuild/obj/sprite_boat_life_reverse_tileset.rel
                                          [ sprite_boat_life_reverse_tileset ]
C:/tmp/_gbsbuild/obj/sprite_boat_life_reverse.rel
                                          [ sprite_boat_life_reverse ]
C:/tmp/_gbsbuild/obj/sprite_caixa_2_tileset.rel
                                          [ sprite_caixa_2_tileset ]
C:/tmp/_gbsbuild/obj/sprite_caixa_2.rel   [ sprite_caixa_2 ]
C:/tmp/_gbsbuild/obj/sprite_chefe_vila_tileset.rel
                                          [ sprite_chefe_vila_tileset ]
C:/tmp/_gbsbuild/obj/sprite_chefe_vila.rel
                                          [ sprite_chefe_vila ]
C:/tmp/_gbsbuild/obj/sprite_comerciant_1_vers_o__tileset.rel
                                          [ sprite_comerciant_1_vers_o__tile ]
C:/tmp/_gbsbuild/obj/sprite_comerciant_1_vers_o_.rel
                                          [ sprite_comerciant_1_vers_o_ ]
C:/tmp/_gbsbuild/obj/sprite_comerciant_2_vers_o__tileset.rel
                                          [ sprite_comerciant_2_vers_o__tile ]
C:/tmp/_gbsbuild/obj/sprite_comerciant_2_vers_o_.rel
                                          [ sprite_comerciant_2_vers_o_ ]
C:/tmp/_gbsbuild/obj/sprite_comerciant_vers_o_0_tileset.rel
                                          [ sprite_comerciant_vers_o_0_tiles ]
C:/tmp/_gbsbuild/obj/sprite_comerciant_vers_o_0.rel
                                          [ sprite_comerciant_vers_o_0 ]
C:/tmp/_gbsbuild/obj/sprite_comerciant_vers_o_1_tileset.rel
                                          [ sprite_comerciant_vers_o_1_tiles ]
C:/tmp/_gbsbuild/obj/sprite_comerciant_vers_o_1.rel
                                          [ sprite_comerciant_vers_o_1 ]
C:/tmp/_gbsbuild/obj/sprite_cristao_tileset.rel
                                          [ sprite_cristao_tileset ]
C:/tmp/_gbsbuild/obj/sprite_cristao.rel   [ sprite_cristao ]
C:/tmp/_gbsbuild/obj/sprite_espada_europeia_tileset.rel
                                          [ sprite_espada_europeia_tileset ]
C:/tmp/_gbsbuild/obj/sprite_espada_europeia.rel
                                          [ sprite_espada_europeia ]
C:/tmp/_gbsbuild/obj/sprite_estatua_buda_tileset.rel
                                          [ sprite_estatua_buda_tileset ]
C:/tmp/_gbsbuild/obj/sprite_estatua_buda.rel
                                          [ sprite_estatua_buda ]
C:/tmp/_gbsbuild/obj/sprite_inventory_cursor_tileset.rel
                                          [ sprite_inventory_cursor_tileset ]
C:/tmp/_gbsbuild/obj/sprite_inventory_cursor.rel
                                          [ sprite_inventory_cursor ]
C:/tmp/_gbsbuild/obj/sprite_jaula_tileset.rel
                                          [ sprite_jaula_tileset ]
C:/tmp/_gbsbuild/obj/sprite_jaula.rel     [ sprite_jaula ]
C:/tmp/_gbsbuild/obj/sprite_main_character_tileset.rel
                                          [ sprite_main_character_tileset ]
C:/tmp/_gbsbuild/obj/sprite_main_character.rel
                                          [ sprite_main_character ]
C:/tmp/_gbsbuild/obj/sprite_navio_portugues_inve_tileset.rel
                                          [ sprite_navio_portugues_inve_tile ]
C:/tmp/_gbsbuild/obj/sprite_navio_portugues_inve.rel
                                          [ sprite_navio_portugues_inve ]
C:/tmp/_gbsbuild/obj/sprite_navio_portugues_tileset.rel
                                          [ sprite_navio_portugues_tileset ]
C:/tmp/_gbsbuild/obj/sprite_navio_portugues.rel
                                          [ sprite_navio_portugues ]
C:/tmp/_gbsbuild/obj/sprite_ninja_tileset.rel
                                          [ sprite_ninja_tileset ]
C:/tmp/_gbsbuild/obj/sprite_ninja.rel     [ sprite_ninja ]
C:/tmp/_gbsbuild/obj/sprite_pirata1_tileset.rel
                                          [ sprite_pirata1_tileset ]
C:/tmp/_gbsbuild/obj/sprite_pirata1.rel   [ sprite_pirata1 ]
C:/tmp/_gbsbuild/obj/sprite_pirata2_tileset.rel
                                          [ sprite_pirata2_tileset ]
C:/tmp/_gbsbuild/obj/sprite_pirata2.rel   [ sprite_pirata2 ]
C:/tmp/_gbsbuild/obj/sprite_samurai_tileset.rel
                                          [ sprite_samurai_tileset ]
C:/tmp/_gbsbuild/obj/sprite_samurai.rel   [ sprite_samurai ]
C:/tmp/_gbsbuild/obj/sprite_skull_tileset.rel
                                          [ sprite_skull_tileset ]
C:/tmp/_gbsbuild/obj/sprite_skull.rel     [ sprite_skull ]
C:/tmp/_gbsbuild/obj/sprite_slash_placeholder_tileset.rel
                                          [ sprite_slash_placeholder_tileset ]
C:/tmp/_gbsbuild/obj/sprite_slash_placeholder.rel
                                          [ sprite_slash_placeholder ]
C:/tmp/_gbsbuild/obj/sprite_static_tileset.rel
                                          [ sprite_static_tileset ]
C:/tmp/_gbsbuild/obj/sprite_static.rel    [ sprite_static ]
C:/tmp/_gbsbuild/obj/sprite_tradutor_tileset.rel
                                          [ sprite_tradutor_tileset ]
C:/tmp/_gbsbuild/obj/sprite_tradutor.rel  [ sprite_tradutor ]
C:/tmp/_gbsbuild/obj/sprite_tripulante1_tileset.rel
                                          [ sprite_tripulante1_tileset ]
C:/tmp/_gbsbuild/obj/sprite_tripulante1.rel
                                          [ sprite_tripulante1 ]
C:/tmp/_gbsbuild/obj/sprite_tripulante2_tileset.rel
                                          [ sprite_tripulante2_tileset ]
C:/tmp/_gbsbuild/obj/sprite_tripulante2.rel
                                          [ sprite_tripulante2 ]
C:/tmp/_gbsbuild/obj/sprite_yipper_tileset.rel
                                          [ sprite_yipper_tileset ]
C:/tmp/_gbsbuild/obj/sprite_yipper.rel    [ sprite_yipper ]
C:/tmp/_gbsbuild/obj/spritesheet_none.rel
                                          [ spritesheet_none ]
C:/tmp/_gbsbuild/obj/trigger_0_interact.rel
                                          [ trigger_0_interact ]
C:/tmp/_gbsbuild/obj/trigger_1_interact.rel
                                          [ trigger_1_interact ]
C:/tmp/_gbsbuild/obj/trigger_10_interact.rel
                                          [ trigger_10_interact ]
C:/tmp/_gbsbuild/obj/trigger_11_interact.rel
                                          [ trigger_11_interact ]
C:/tmp/_gbsbuild/obj/trigger_12_interact.rel
                                          [ trigger_12_interact ]
C:/tmp/_gbsbuild/obj/trigger_13_interact.rel
                                          [ trigger_13_interact ]
C:/tmp/_gbsbuild/obj/trigger_14_interact.rel
                                          [ trigger_14_interact ]
C:/tmp/_gbsbuild/obj/trigger_15_interact.rel
                                          [ trigger_15_interact ]
C:/tmp/_gbsbuild/obj/trigger_16_interact.rel
                                          [ trigger_16_interact ]
C:/tmp/_gbsbuild/obj/trigger_17_interact.rel
                                          [ trigger_17_interact ]
C:/tmp/_gbsbuild/obj/trigger_18_interact.rel
                                          [ trigger_18_interact ]
C:/tmp/_gbsbuild/obj/trigger_19_interact.rel
                                          [ trigger_19_interact ]
C:/tmp/_gbsbuild/obj/trigger_2_interact.rel
                                          [ trigger_2_interact ]
C:/tmp/_gbsbuild/obj/trigger_20_interact.rel
                                          [ trigger_20_interact ]
C:/tmp/_gbsbuild/obj/trigger_21_interact.rel
                                          [ trigger_21_interact ]
C:/tmp/_gbsbuild/obj/trigger_22_interact.rel
                                          [ trigger_22_interact ]
C:/tmp/_gbsbuild/obj/trigger_23_interact.rel
                                          [ trigger_23_interact ]
C:/tmp/_gbsbuild/obj/trigger_24_interact.rel
                                          [ trigger_24_interact ]
C:/tmp/_gbsbuild/obj/trigger_25_interact.rel
                                          [ trigger_25_interact ]
C:/tmp/_gbsbuild/obj/trigger_26_interact.rel
                                          [ trigger_26_interact ]
C:/tmp/_gbsbuild/obj/trigger_27_interact.rel
                                          [ trigger_27_interact ]
C:/tmp/_gbsbuild/obj/trigger_28_interact.rel
                                          [ trigger_28_interact ]
C:/tmp/_gbsbuild/obj/trigger_29_interact.rel
                                          [ trigger_29_interact ]
C:/tmp/_gbsbuild/obj/trigger_3_interact.rel
                                          [ trigger_3_interact ]
C:/tmp/_gbsbuild/obj/trigger_30_interact.rel
                                          [ trigger_30_interact ]
C:/tmp/_gbsbuild/obj/trigger_31_interact.rel
                                          [ trigger_31_interact ]
C:/tmp/_gbsbuild/obj/trigger_32_interact.rel
                                          [ trigger_32_interact ]
C:/tmp/_gbsbuild/obj/trigger_33_interact.rel
                                          [ trigger_33_interact ]
C:/tmp/_gbsbuild/obj/trigger_34_interact.rel
                                          [ trigger_34_interact ]
C:/tmp/_gbsbuild/obj/trigger_35_interact.rel
                                          [ trigger_35_interact ]
C:/tmp/_gbsbuild/obj/trigger_36_interact.rel
                                          [ trigger_36_interact ]
C:/tmp/_gbsbuild/obj/trigger_37_interact.rel
                                          [ trigger_37_interact ]
C:/tmp/_gbsbuild/obj/trigger_38_interact.rel
                                          [ trigger_38_interact ]
C:/tmp/_gbsbuild/obj/trigger_39_interact.rel
                                          [ trigger_39_interact ]
C:/tmp/_gbsbuild/obj/trigger_4_interact.rel
                                          [ trigger_4_interact ]
C:/tmp/_gbsbuild/obj/trigger_40_interact.rel
                                          [ trigger_40_interact ]
C:/tmp/_gbsbuild/obj/trigger_41_interact.rel
                                          [ trigger_41_interact ]
C:/tmp/_gbsbuild/obj/trigger_42_interact.rel
                                          [ trigger_42_interact ]
C:/tmp/_gbsbuild/obj/trigger_43_interact.rel
                                          [ trigger_43_interact ]
C:/tmp/_gbsbuild/obj/trigger_44_interact.rel
                                          [ trigger_44_interact ]
C:/tmp/_gbsbuild/obj/trigger_5_interact.rel
                                          [ trigger_5_interact ]
C:/tmp/_gbsbuild/obj/trigger_6_interact.rel
                                          [ trigger_6_interact ]
C:/tmp/_gbsbuild/obj/trigger_7_interact.rel
                                          [ trigger_7_interact ]
C:/tmp/_gbsbuild/obj/trigger_8_interact.rel
                                          [ trigger_8_interact ]
C:/tmp/_gbsbuild/obj/trigger_9_interact.rel
                                          [ trigger_9_interact ]
C:/tmp/_gbsbuild/obj/main.rel             [ main ]
C:/tmp/_gbsbuild/obj/adventure.rel        [ adventure ]
C:/tmp/_gbsbuild/obj/logo.rel             [ logo ]
C:/tmp/_gbsbuild/obj/platform.rel         [ platform ]
C:/tmp/_gbsbuild/obj/pointnclick.rel      [ pointnclick ]
C:/tmp/_gbsbuild/obj/shmup.rel            [ shmup ]
C:/tmp/_gbsbuild/obj/states_ptrs.rel      [  ]
C:/tmp/_gbsbuild/obj/topdown.rel          [ topdown ]


Libraries Linked                          [ object file ]

C:\tmp/_gbstools/gbdk/lib/gb/gb.lib       [ fill_rect_wi.o ]
C:\tmp/_gbstools/gbdk/lib/sm83/sm83.lib   [ rand.o ]
lib/hUGEDriver.lib                        [ hUGEDriver.o ]
C:\tmp/_gbstools/gbdk/lib/gb/gb.lib       [ sfr.o ]
C:\tmp/_gbstools/gbdk/lib/gb/gb.lib       [ get_data.o ]
C:\tmp/_gbstools/gbdk/lib/gb/gb.lib       [ get_tile.o ]
C:\tmp/_gbstools/gbdk/lib/gb/gb.lib       [ metasprites_hide_spr.o ]
C:\tmp/_gbstools/gbdk/lib/sm83/sm83.lib   [ mul.o ]
C:\tmp/_gbstools/gbdk/lib/gb/gb.lib       [ set_tile.o ]
C:\tmp/_gbstools/gbdk/lib/sm83/sm83.lib   [ abs.o ]
C:\tmp/_gbstools/gbdk/lib/gb/gb.lib       [ set_wi_t.o ]
C:\tmp/_gbstools/gbdk/lib/gb/gb.lib       [ set_data.o ]
C:\tmp/_gbstools/gbdk/lib/sm83/sm83.lib   [ reverse.o ]
C:\tmp/_gbstools/gbdk/lib/gb/gb.lib       [ far_ptr.o ]
C:\tmp/_gbstools/gbdk/lib/gb/gb.lib       [ sgb.o ]
C:\tmp/_gbstools/gbdk/lib/gb/gb.lib       [ lcd.o ]
C:\tmp/_gbstools/gbdk/lib/gb/gb.lib       [ fill_rect.o ]
C:\tmp/_gbstools/gbdk/lib/gb/gb.lib       [ cpy_data.o ]
C:\tmp/_gbstools/gbdk/lib/gb/gb.lib       [ fill_rect_bk.o ]
C:\tmp/_gbstools/gbdk/lib/gb/gb.lib       [ pad.o ]
C:\tmp/_gbstools/gbdk/lib/gb/gb.lib       [ metasprites.o ]
C:\tmp/_gbstools/gbdk/lib/sm83/sm83.lib   [ __sdcc_call_hl.o ]
C:\tmp/_gbstools/gbdk/lib/sm83/sm83.lib   [ memcpy.o ]
C:\tmp/_gbstools/gbdk/lib/sm83/sm83.lib   [ _memset.o ]
C:\tmp/_gbstools/gbdk/lib/gb/gb.lib       [ set_xy_t.o ]
C:\tmp/_gbstools/gbdk/lib/gb/gb.lib       [ ___sdcc_bcall_ehl.o ]
C:\tmp/_gbstools/gbdk/lib/sm83/sm83.lib   [ div.o ]
C:\tmp/_gbstools/gbdk/lib/gb/gb.lib       [ set_bk_t.o ]

ASxxxx Linker V03.00/V05.40 + sdld,  page 84.

User Base Address Definitions

_DATA=0xC0A0
_CODE=0x0200
ASxxxx Linker V03.00/V05.40 + sdld,  page 85.

User Global Definitions

.STACK=0xDF00
_shadow_OAM=0xC000
.refresh_OAM=0xFF80
__start_save=12

